###############################################################################
#
# IAR ELF Linker V7.40.3.8902/W32 for ARM                 13/Nov/2018  17:50:57
# Copyright 2007-2015 IAR Systems AB.
#
#    Output file  =  
#        C:\Users\Administrator\Desktop\ZSCA-1A01-E5\stm32f4xx\projects\IAR\Debug\Exe\c.out
#    Map file     =  
#        C:\Users\Administrator\Desktop\ZSCA-1A01-E5\stm32f4xx\projects\IAR\Debug\List\c.map
#    Command line =  
#        C:\Users\Administrator\Desktop\ZSCA-1A01-E5\stm32f4xx\projects\IAR\Debug\Obj\bsp_init.o
#        C:\Users\Administrator\Desktop\ZSCA-1A01-E5\stm32f4xx\projects\IAR\Debug\Obj\bsp_lcd.o
#        C:\Users\Administrator\Desktop\ZSCA-1A01-E5\stm32f4xx\projects\IAR\Debug\Obj\clog.o
#        C:\Users\Administrator\Desktop\ZSCA-1A01-E5\stm32f4xx\projects\IAR\Debug\Obj\cqueue.o
#        C:\Users\Administrator\Desktop\ZSCA-1A01-E5\stm32f4xx\projects\IAR\Debug\Obj\crc.o
#        C:\Users\Administrator\Desktop\ZSCA-1A01-E5\stm32f4xx\projects\IAR\Debug\Obj\cshell.o
#        C:\Users\Administrator\Desktop\ZSCA-1A01-E5\stm32f4xx\projects\IAR\Debug\Obj\cshell_port.o
#        C:\Users\Administrator\Desktop\ZSCA-1A01-E5\stm32f4xx\projects\IAR\Debug\Obj\cshell_user.o
#        C:\Users\Administrator\Desktop\ZSCA-1A01-E5\stm32f4xx\projects\IAR\Debug\Obj\cstring.o
#        C:\Users\Administrator\Desktop\ZSCA-1A01-E5\stm32f4xx\projects\IAR\Debug\Obj\flash_log.o
#        C:\Users\Administrator\Desktop\ZSCA-1A01-E5\stm32f4xx\projects\IAR\Debug\Obj\gui_batch.o
#        C:\Users\Administrator\Desktop\ZSCA-1A01-E5\stm32f4xx\projects\IAR\Debug\Obj\gui_button.o
#        C:\Users\Administrator\Desktop\ZSCA-1A01-E5\stm32f4xx\projects\IAR\Debug\Obj\gui_cmd_queue.o
#        C:\Users\Administrator\Desktop\ZSCA-1A01-E5\stm32f4xx\projects\IAR\Debug\Obj\gui_conf.o
#        C:\Users\Administrator\Desktop\ZSCA-1A01-E5\stm32f4xx\projects\IAR\Debug\Obj\gui_controlproperty.o
#        C:\Users\Administrator\Desktop\ZSCA-1A01-E5\stm32f4xx\projects\IAR\Debug\Obj\gui_curve.o
#        C:\Users\Administrator\Desktop\ZSCA-1A01-E5\stm32f4xx\projects\IAR\Debug\Obj\gui_flash.o
#        C:\Users\Administrator\Desktop\ZSCA-1A01-E5\stm32f4xx\projects\IAR\Debug\Obj\gui_general.o
#        C:\Users\Administrator\Desktop\ZSCA-1A01-E5\stm32f4xx\projects\IAR\Debug\Obj\gui_gif.o
#        C:\Users\Administrator\Desktop\ZSCA-1A01-E5\stm32f4xx\projects\IAR\Debug\Obj\gui_graphics.o
#        C:\Users\Administrator\Desktop\ZSCA-1A01-E5\stm32f4xx\projects\IAR\Debug\Obj\gui_historygraph.o
#        C:\Users\Administrator\Desktop\ZSCA-1A01-E5\stm32f4xx\projects\IAR\Debug\Obj\gui_icon.o
#        C:\Users\Administrator\Desktop\ZSCA-1A01-E5\stm32f4xx\projects\IAR\Debug\Obj\gui_image.o
#        C:\Users\Administrator\Desktop\ZSCA-1A01-E5\stm32f4xx\projects\IAR\Debug\Obj\gui_menu.o
#        C:\Users\Administrator\Desktop\ZSCA-1A01-E5\stm32f4xx\projects\IAR\Debug\Obj\gui_meter.o
#        C:\Users\Administrator\Desktop\ZSCA-1A01-E5\stm32f4xx\projects\IAR\Debug\Obj\gui_music.o
#        C:\Users\Administrator\Desktop\ZSCA-1A01-E5\stm32f4xx\projects\IAR\Debug\Obj\gui_process.o
#        C:\Users\Administrator\Desktop\ZSCA-1A01-E5\stm32f4xx\projects\IAR\Debug\Obj\gui_QR.o
#        C:\Users\Administrator\Desktop\ZSCA-1A01-E5\stm32f4xx\projects\IAR\Debug\Obj\gui_record.o
#        C:\Users\Administrator\Desktop\ZSCA-1A01-E5\stm32f4xx\projects\IAR\Debug\Obj\gui_rtc.o
#        C:\Users\Administrator\Desktop\ZSCA-1A01-E5\stm32f4xx\projects\IAR\Debug\Obj\gui_sdcard.o
#        C:\Users\Administrator\Desktop\ZSCA-1A01-E5\stm32f4xx\projects\IAR\Debug\Obj\gui_slider.o
#        C:\Users\Administrator\Desktop\ZSCA-1A01-E5\stm32f4xx\projects\IAR\Debug\Obj\gui_task.o
#        C:\Users\Administrator\Desktop\ZSCA-1A01-E5\stm32f4xx\projects\IAR\Debug\Obj\gui_text.o
#        C:\Users\Administrator\Desktop\ZSCA-1A01-E5\stm32f4xx\projects\IAR\Debug\Obj\gui_timer.o
#        C:\Users\Administrator\Desktop\ZSCA-1A01-E5\stm32f4xx\projects\IAR\Debug\Obj\main.o
#        C:\Users\Administrator\Desktop\ZSCA-1A01-E5\stm32f4xx\projects\IAR\Debug\Obj\misc.o
#        C:\Users\Administrator\Desktop\ZSCA-1A01-E5\stm32f4xx\projects\IAR\Debug\Obj\osal.o
#        C:\Users\Administrator\Desktop\ZSCA-1A01-E5\stm32f4xx\projects\IAR\Debug\Obj\osal_cfg.o
#        C:\Users\Administrator\Desktop\ZSCA-1A01-E5\stm32f4xx\projects\IAR\Debug\Obj\osal_clock.o
#        C:\Users\Administrator\Desktop\ZSCA-1A01-E5\stm32f4xx\projects\IAR\Debug\Obj\osal_core.o
#        C:\Users\Administrator\Desktop\ZSCA-1A01-E5\stm32f4xx\projects\IAR\Debug\Obj\osal_cpu.o
#        C:\Users\Administrator\Desktop\ZSCA-1A01-E5\stm32f4xx\projects\IAR\Debug\Obj\osal_msg.o
#        C:\Users\Administrator\Desktop\ZSCA-1A01-E5\stm32f4xx\projects\IAR\Debug\Obj\osal_task.o
#        C:\Users\Administrator\Desktop\ZSCA-1A01-E5\stm32f4xx\projects\IAR\Debug\Obj\osal_timeout.o
#        C:\Users\Administrator\Desktop\ZSCA-1A01-E5\stm32f4xx\projects\IAR\Debug\Obj\osal_timer.o
#        C:\Users\Administrator\Desktop\ZSCA-1A01-E5\stm32f4xx\projects\IAR\Debug\Obj\rtt_log.o
#        C:\Users\Administrator\Desktop\ZSCA-1A01-E5\stm32f4xx\projects\IAR\Debug\Obj\SEGGER_RTT.o
#        C:\Users\Administrator\Desktop\ZSCA-1A01-E5\stm32f4xx\projects\IAR\Debug\Obj\SEGGER_RTT_printf.o
#        C:\Users\Administrator\Desktop\ZSCA-1A01-E5\stm32f4xx\projects\IAR\Debug\Obj\serial_log.o
#        C:\Users\Administrator\Desktop\ZSCA-1A01-E5\stm32f4xx\projects\IAR\Debug\Obj\startup_stm32f429_439xx.o
#        C:\Users\Administrator\Desktop\ZSCA-1A01-E5\stm32f4xx\projects\IAR\Debug\Obj\stm32f4xx_adc.o
#        C:\Users\Administrator\Desktop\ZSCA-1A01-E5\stm32f4xx\projects\IAR\Debug\Obj\stm32f4xx_bsp_systick.o
#        C:\Users\Administrator\Desktop\ZSCA-1A01-E5\stm32f4xx\projects\IAR\Debug\Obj\stm32f4xx_bsp_usart.o
#        C:\Users\Administrator\Desktop\ZSCA-1A01-E5\stm32f4xx\projects\IAR\Debug\Obj\stm32f4xx_can.o
#        C:\Users\Administrator\Desktop\ZSCA-1A01-E5\stm32f4xx\projects\IAR\Debug\Obj\stm32f4xx_cec.o
#        C:\Users\Administrator\Desktop\ZSCA-1A01-E5\stm32f4xx\projects\IAR\Debug\Obj\stm32f4xx_crc.o
#        C:\Users\Administrator\Desktop\ZSCA-1A01-E5\stm32f4xx\projects\IAR\Debug\Obj\stm32f4xx_cryp.o
#        C:\Users\Administrator\Desktop\ZSCA-1A01-E5\stm32f4xx\projects\IAR\Debug\Obj\stm32f4xx_cryp_aes.o
#        C:\Users\Administrator\Desktop\ZSCA-1A01-E5\stm32f4xx\projects\IAR\Debug\Obj\stm32f4xx_cryp_des.o
#        C:\Users\Administrator\Desktop\ZSCA-1A01-E5\stm32f4xx\projects\IAR\Debug\Obj\stm32f4xx_cryp_tdes.o
#        C:\Users\Administrator\Desktop\ZSCA-1A01-E5\stm32f4xx\projects\IAR\Debug\Obj\stm32f4xx_dac.o
#        C:\Users\Administrator\Desktop\ZSCA-1A01-E5\stm32f4xx\projects\IAR\Debug\Obj\stm32f4xx_dbgmcu.o
#        C:\Users\Administrator\Desktop\ZSCA-1A01-E5\stm32f4xx\projects\IAR\Debug\Obj\stm32f4xx_dcmi.o
#        C:\Users\Administrator\Desktop\ZSCA-1A01-E5\stm32f4xx\projects\IAR\Debug\Obj\stm32f4xx_dfsdm.o
#        C:\Users\Administrator\Desktop\ZSCA-1A01-E5\stm32f4xx\projects\IAR\Debug\Obj\stm32f4xx_dma.o
#        C:\Users\Administrator\Desktop\ZSCA-1A01-E5\stm32f4xx\projects\IAR\Debug\Obj\stm32f4xx_dma2d.o
#        C:\Users\Administrator\Desktop\ZSCA-1A01-E5\stm32f4xx\projects\IAR\Debug\Obj\stm32f4xx_dsi.o
#        C:\Users\Administrator\Desktop\ZSCA-1A01-E5\stm32f4xx\projects\IAR\Debug\Obj\stm32f4xx_exti.o
#        C:\Users\Administrator\Desktop\ZSCA-1A01-E5\stm32f4xx\projects\IAR\Debug\Obj\stm32f4xx_flash.o
#        C:\Users\Administrator\Desktop\ZSCA-1A01-E5\stm32f4xx\projects\IAR\Debug\Obj\stm32f4xx_flash_ramfunc.o
#        C:\Users\Administrator\Desktop\ZSCA-1A01-E5\stm32f4xx\projects\IAR\Debug\Obj\stm32f4xx_fmc.o
#        C:\Users\Administrator\Desktop\ZSCA-1A01-E5\stm32f4xx\projects\IAR\Debug\Obj\stm32f4xx_fmpi2c.o
#        C:\Users\Administrator\Desktop\ZSCA-1A01-E5\stm32f4xx\projects\IAR\Debug\Obj\stm32f4xx_gpio.o
#        C:\Users\Administrator\Desktop\ZSCA-1A01-E5\stm32f4xx\projects\IAR\Debug\Obj\stm32f4xx_hash.o
#        C:\Users\Administrator\Desktop\ZSCA-1A01-E5\stm32f4xx\projects\IAR\Debug\Obj\stm32f4xx_hash_md5.o
#        C:\Users\Administrator\Desktop\ZSCA-1A01-E5\stm32f4xx\projects\IAR\Debug\Obj\stm32f4xx_hash_sha1.o
#        C:\Users\Administrator\Desktop\ZSCA-1A01-E5\stm32f4xx\projects\IAR\Debug\Obj\stm32f4xx_i2c.o
#        C:\Users\Administrator\Desktop\ZSCA-1A01-E5\stm32f4xx\projects\IAR\Debug\Obj\stm32f4xx_it.o
#        C:\Users\Administrator\Desktop\ZSCA-1A01-E5\stm32f4xx\projects\IAR\Debug\Obj\stm32f4xx_iwdg.o
#        C:\Users\Administrator\Desktop\ZSCA-1A01-E5\stm32f4xx\projects\IAR\Debug\Obj\stm32f4xx_lptim.o
#        C:\Users\Administrator\Desktop\ZSCA-1A01-E5\stm32f4xx\projects\IAR\Debug\Obj\stm32f4xx_ltdc.o
#        C:\Users\Administrator\Desktop\ZSCA-1A01-E5\stm32f4xx\projects\IAR\Debug\Obj\stm32f4xx_pwr.o
#        C:\Users\Administrator\Desktop\ZSCA-1A01-E5\stm32f4xx\projects\IAR\Debug\Obj\stm32f4xx_qspi.o
#        C:\Users\Administrator\Desktop\ZSCA-1A01-E5\stm32f4xx\projects\IAR\Debug\Obj\stm32f4xx_rcc.o
#        C:\Users\Administrator\Desktop\ZSCA-1A01-E5\stm32f4xx\projects\IAR\Debug\Obj\stm32f4xx_rng.o
#        C:\Users\Administrator\Desktop\ZSCA-1A01-E5\stm32f4xx\projects\IAR\Debug\Obj\stm32f4xx_rtc.o
#        C:\Users\Administrator\Desktop\ZSCA-1A01-E5\stm32f4xx\projects\IAR\Debug\Obj\stm32f4xx_sai.o
#        C:\Users\Administrator\Desktop\ZSCA-1A01-E5\stm32f4xx\projects\IAR\Debug\Obj\stm32f4xx_sdio.o
#        C:\Users\Administrator\Desktop\ZSCA-1A01-E5\stm32f4xx\projects\IAR\Debug\Obj\stm32f4xx_spdifrx.o
#        C:\Users\Administrator\Desktop\ZSCA-1A01-E5\stm32f4xx\projects\IAR\Debug\Obj\stm32f4xx_spi.o
#        C:\Users\Administrator\Desktop\ZSCA-1A01-E5\stm32f4xx\projects\IAR\Debug\Obj\stm32f4xx_syscfg.o
#        C:\Users\Administrator\Desktop\ZSCA-1A01-E5\stm32f4xx\projects\IAR\Debug\Obj\stm32f4xx_tim.o
#        C:\Users\Administrator\Desktop\ZSCA-1A01-E5\stm32f4xx\projects\IAR\Debug\Obj\stm32f4xx_usart.o
#        C:\Users\Administrator\Desktop\ZSCA-1A01-E5\stm32f4xx\projects\IAR\Debug\Obj\stm32f4xx_wwdg.o
#        C:\Users\Administrator\Desktop\ZSCA-1A01-E5\stm32f4xx\projects\IAR\Debug\Obj\system_info.o
#        C:\Users\Administrator\Desktop\ZSCA-1A01-E5\stm32f4xx\projects\IAR\Debug\Obj\system_init.o
#        C:\Users\Administrator\Desktop\ZSCA-1A01-E5\stm32f4xx\projects\IAR\Debug\Obj\system_param.o
#        C:\Users\Administrator\Desktop\ZSCA-1A01-E5\stm32f4xx\projects\IAR\Debug\Obj\system_stm32f4xx.o
#        C:\Users\Administrator\Desktop\ZSCA-1A01-E5\stm32f4xx\projects\IAR\Debug\Obj\user_task.o
#        -o
#        C:\Users\Administrator\Desktop\ZSCA-1A01-E5\stm32f4xx\projects\IAR\Debug\Exe\c.out
#        --map
#        C:\Users\Administrator\Desktop\ZSCA-1A01-E5\stm32f4xx\projects\IAR\Debug\List\c.map
#        --config
#        C:\Users\Administrator\Desktop\ZSCA-1A01-E5\stm32f4xx\projects\IAR\stm32f429xx_flash.icf
#        --semihosting --entry __iar_program_start --vfe
#
###############################################################################

*******************************************************************************
*** RUNTIME MODEL ATTRIBUTES
***

CppFlavor       = *
__SystemLibrary = DLib


*******************************************************************************
*** PLACEMENT SUMMARY
***

"A1":  place at 0x08000000 { ro section .intvec };
"P1":  place in [from 0x08000000 to 0x081fffff] { ro };
"P2":  place in [from 0x20000000 to 0x2002ffff] { rw, block CSTACK, block HEAP };

  Section            Kind        Address    Size  Object
  -------            ----        -------    ----  ------
"A1":                                      0x1ac
  .intvec            ro code  0x08000000   0x1ac  startup_stm32f429_439xx.o [1]
                            - 0x080001ac   0x1ac

"P1":                                     0x39a0
  .text              ro code  0x080001ac   0xdae  xprintffull_nomb.o [3]
  .text              ro code  0x08000f5a    0x1a  xsnprout.o [3]
  .text              ro code  0x08000f74    0x16  strchr.o [5]
  .text              ro code  0x08000f8a     0xa  xsprout.o [3]
  .text              ro code  0x08000f94    0x36  strlen.o [5]
  .rodata            const    0x08000fca     0x2  clog.o [1]
  .text              ro code  0x08000fcc    0x58  memchr.o [5]
  .text              ro code  0x08001024    0xee  I64DivMod.o [5]
  .text              ro code  0x08001114    0x76  ABImemcpy_unaligned.o [5]
  .text              ro code  0x0800118a    0x42  xdnorm.o [4]
  .text              ro code  0x080011cc    0x2e  DblCmpLe.o [4]
  .text              ro code  0x080011fc    0x2e  DblCmpGe.o [4]
  .text              ro code  0x0800122c   0x118  xdscale.o [4]
  .text              ro code  0x08001344    0x58  DblToI32.o [4]
  .text              ro code  0x0800139c    0x30  I32ToDbl.o [4]
  .text              ro code  0x080013cc   0x180  DblSub.o [4]
  .text              ro code  0x0800154c   0x1a2  DblMul.o [4]
  .text              ro code  0x080016f0   0x256  DblDiv.o [4]
  .text              ro code  0x08001946     0xe  div.o [3]
  .text              ro code  0x08001954     0x2  I64DivZer.o [5]
  .text              ro code  0x08001958    0xd4  DblAdd.o [4]
  .text              ro code  0x08001a2c   0x508  gui_process.o [1]
  .text              ro code  0x08001f34   0x10c  gui_cmd_queue.o [1]
  .text              ro code  0x08002040    0x7c  gui_task.o [1]
  .text              ro code  0x080020bc    0x94  gui_text.o [1]
  .text              ro code  0x08002150    0x84  gui_gif.o [1]
  .text              ro code  0x080021d4    0x34  sprintf.o [3]
  .text              ro code  0x08002208    0x64  gui_record.o [1]
  .text              ro code  0x0800226c    0x36  gui_icon.o [1]
  .text              ro code  0x080022a4   0x1d0  osal_timer.o [1]
  .text              ro code  0x08002474    0xe8  osal_core.o [1]
  .text              ro code  0x0800255c    0x24  gui_conf.o [1]
  .text              ro code  0x08002580    0x68  bsp_lcd.o [1]
  .text              ro code  0x080025e8     0x2  osal_msg.o [1]
  .text              ro code  0x080025ea    0x1a  osal_task.o [1]
  .text              ro code  0x08002604   0x228  osal_clock.o [1]
  .text              ro code  0x0800282c   0x158  stm32f4xx_bsp_usart.o [1]
  .text              ro code  0x08002984    0x44  user_task.o [1]
  .text              ro code  0x080029c8   0x1b4  stm32f4xx_rcc.o [1]
  .text              ro code  0x08002b7c   0x104  stm32f4xx_gpio.o [1]
  .text              ro code  0x08002c80   0x2fe  stm32f4xx_usart.o [1]
  .text              ro code  0x08002f80    0x8c  misc.o [1]
  .text              ro code  0x0800300c   0x23c  SEGGER_RTT.o [1]
  .text              ro code  0x08003248    0x44  strcpy_unaligned.o [5]
  .text              ro code  0x0800328c   0x1d0  rtt_log.o [1]
  .text              ro code  0x0800345c    0x3c  clog.o [1]
  .text              ro code  0x08003498    0x3c  vsnprint.o [3]
  .text              ro code  0x080034d4   0x17c  system_stm32f4xx.o [1]
  .text              ro code  0x08003650    0x98  stm32f4xx_bsp_systick.o [1]
  .text              ro code  0x080036e8    0x78  system_param.o [1]
  .text              ro code  0x08003760    0x40  zero_init3.o [5]
  .text              ro code  0x080037a0    0x2e  stm32f4xx_it.o [1]
  .text              ro code  0x080037ce    0x2c  copy_init3.o [5]
  .text              ro code  0x080037fc    0x28  data_init.o [5]
  .text              ro code  0x08003824    0x22  fpinit_M.o [4]
  .iar.init_table    const    0x08003848    0x24  - Linker created -
  .text              ro code  0x0800386c    0x1c  main.o [1]
  .text              ro code  0x08003888    0x18  bsp_init.o [1]
  .text              ro code  0x080038a0     0xc  system_init.o [1]
  .text              ro code  0x080038ac     0x8  system_info.o [1]
  .text              ro code  0x080038b4    0x1a  cmain.o [5]
  .text              ro code  0x080038ce     0x4  low_level_init.o [3]
  .text              ro code  0x080038d2     0x4  exit.o [3]
  .text              ro code  0x080038d8     0xa  cexit.o [5]
  .text              ro code  0x080038e4    0x14  exit.o [6]
  .rodata            const    0x080038f8    0x18  rtt_log.o [1]
  .text              ro code  0x08003910    0x10  startup_stm32f429_439xx.o [1]
  .rodata            const    0x08003920     0xc  SEGGER_RTT.o [1]
  .text              ro code  0x0800392c     0xc  cstartup_M.o [5]
  .rodata            const    0x08003938     0x8  clog.o [1]
  .rodata            const    0x08003940     0x8  clog.o [1]
  .rodata            const    0x08003948     0x8  clog.o [1]
  .rodata            const    0x08003950     0x8  clog.o [1]
  .rodata            const    0x08003958     0x8  clog.o [1]
  .rodata            const    0x08003960     0x8  clog.o [1]
  .rodata            const    0x08003968     0x8  gui_process.o [1]
  .rodata            const    0x08003970     0x8  gui_process.o [1]
  .rodata            const    0x08003978     0x8  gui_process.o [1]
  .rodata            const    0x08003980     0x8  osal_task.o [1]
  .rodata            const    0x08003988     0x8  rtt_log.o [1]
  .rodata            const    0x08003990     0x8  SEGGER_RTT.o [1]
  .rodata            const    0x08003998     0x4  gui_conf.o [1]
  .text              ro code  0x0800399c     0x4  startup_stm32f429_439xx.o [1]
  .text              ro code  0x080039a0     0x4  startup_stm32f429_439xx.o [1]
  .text              ro code  0x080039a4     0x4  startup_stm32f429_439xx.o [1]
  .text              ro code  0x080039a8     0x4  startup_stm32f429_439xx.o [1]
  .text              ro code  0x080039ac     0x4  startup_stm32f429_439xx.o [1]
  .text              ro code  0x080039b0     0x4  startup_stm32f429_439xx.o [1]
  .text              ro code  0x080039b4     0x4  startup_stm32f429_439xx.o [1]
  .text              ro code  0x080039b8     0x4  startup_stm32f429_439xx.o [1]
  .text              ro code  0x080039bc     0x4  startup_stm32f429_439xx.o [1]
  .text              ro code  0x080039c0     0x4  startup_stm32f429_439xx.o [1]
  .text              ro code  0x080039c4     0x4  startup_stm32f429_439xx.o [1]
  .text              ro code  0x080039c8     0x4  startup_stm32f429_439xx.o [1]
  .text              ro code  0x080039cc     0x4  startup_stm32f429_439xx.o [1]
  .text              ro code  0x080039d0     0x4  startup_stm32f429_439xx.o [1]
  .text              ro code  0x080039d4     0x4  startup_stm32f429_439xx.o [1]
  .text              ro code  0x080039d8     0x4  startup_stm32f429_439xx.o [1]
  .text              ro code  0x080039dc     0x4  startup_stm32f429_439xx.o [1]
  .text              ro code  0x080039e0     0x4  startup_stm32f429_439xx.o [1]
  .text              ro code  0x080039e4     0x4  startup_stm32f429_439xx.o [1]
  .text              ro code  0x080039e8     0x4  startup_stm32f429_439xx.o [1]
  .text              ro code  0x080039ec     0x4  startup_stm32f429_439xx.o [1]
  .text              ro code  0x080039f0     0x4  startup_stm32f429_439xx.o [1]
  .text              ro code  0x080039f4     0x4  startup_stm32f429_439xx.o [1]
  .text              ro code  0x080039f8     0x4  startup_stm32f429_439xx.o [1]
  .text              ro code  0x080039fc     0x4  startup_stm32f429_439xx.o [1]
  .text              ro code  0x08003a00     0x4  startup_stm32f429_439xx.o [1]
  .text              ro code  0x08003a04     0x4  startup_stm32f429_439xx.o [1]
  .text              ro code  0x08003a08     0x4  startup_stm32f429_439xx.o [1]
  .text              ro code  0x08003a0c     0x4  startup_stm32f429_439xx.o [1]
  .text              ro code  0x08003a10     0x4  startup_stm32f429_439xx.o [1]
  .text              ro code  0x08003a14     0x4  startup_stm32f429_439xx.o [1]
  .text              ro code  0x08003a18     0x4  startup_stm32f429_439xx.o [1]
  .text              ro code  0x08003a1c     0x4  startup_stm32f429_439xx.o [1]
  .text              ro code  0x08003a20     0x4  startup_stm32f429_439xx.o [1]
  .text              ro code  0x08003a24     0x4  startup_stm32f429_439xx.o [1]
  .text              ro code  0x08003a28     0x4  startup_stm32f429_439xx.o [1]
  .text              ro code  0x08003a2c     0x4  startup_stm32f429_439xx.o [1]
  .text              ro code  0x08003a30     0x4  startup_stm32f429_439xx.o [1]
  .text              ro code  0x08003a34     0x4  startup_stm32f429_439xx.o [1]
  .text              ro code  0x08003a38     0x4  startup_stm32f429_439xx.o [1]
  .text              ro code  0x08003a3c     0x4  startup_stm32f429_439xx.o [1]
  .text              ro code  0x08003a40     0x4  startup_stm32f429_439xx.o [1]
  .text              ro code  0x08003a44     0x4  startup_stm32f429_439xx.o [1]
  .text              ro code  0x08003a48     0x4  startup_stm32f429_439xx.o [1]
  .text              ro code  0x08003a4c     0x4  startup_stm32f429_439xx.o [1]
  .text              ro code  0x08003a50     0x4  startup_stm32f429_439xx.o [1]
  .text              ro code  0x08003a54     0x4  startup_stm32f429_439xx.o [1]
  .text              ro code  0x08003a58     0x4  startup_stm32f429_439xx.o [1]
  .text              ro code  0x08003a5c     0x4  startup_stm32f429_439xx.o [1]
  .text              ro code  0x08003a60     0x4  startup_stm32f429_439xx.o [1]
  .text              ro code  0x08003a64     0x4  startup_stm32f429_439xx.o [1]
  .text              ro code  0x08003a68     0x4  startup_stm32f429_439xx.o [1]
  .text              ro code  0x08003a6c     0x4  startup_stm32f429_439xx.o [1]
  .text              ro code  0x08003a70     0x4  startup_stm32f429_439xx.o [1]
  .text              ro code  0x08003a74     0x4  startup_stm32f429_439xx.o [1]
  .text              ro code  0x08003a78     0x4  startup_stm32f429_439xx.o [1]
  .text              ro code  0x08003a7c     0x4  startup_stm32f429_439xx.o [1]
  .text              ro code  0x08003a80     0x4  startup_stm32f429_439xx.o [1]
  .text              ro code  0x08003a84     0x4  startup_stm32f429_439xx.o [1]
  .text              ro code  0x08003a88     0x4  startup_stm32f429_439xx.o [1]
  .text              ro code  0x08003a8c     0x4  startup_stm32f429_439xx.o [1]
  .text              ro code  0x08003a90     0x4  startup_stm32f429_439xx.o [1]
  .text              ro code  0x08003a94     0x4  startup_stm32f429_439xx.o [1]
  .text              ro code  0x08003a98     0x4  startup_stm32f429_439xx.o [1]
  .text              ro code  0x08003a9c     0x4  startup_stm32f429_439xx.o [1]
  .text              ro code  0x08003aa0     0x4  startup_stm32f429_439xx.o [1]
  .text              ro code  0x08003aa4     0x4  startup_stm32f429_439xx.o [1]
  .text              ro code  0x08003aa8     0x4  startup_stm32f429_439xx.o [1]
  .text              ro code  0x08003aac     0x4  startup_stm32f429_439xx.o [1]
  .text              ro code  0x08003ab0     0x4  startup_stm32f429_439xx.o [1]
  .text              ro code  0x08003ab4     0x4  startup_stm32f429_439xx.o [1]
  .text              ro code  0x08003ab8     0x4  startup_stm32f429_439xx.o [1]
  .text              ro code  0x08003abc     0x4  startup_stm32f429_439xx.o [1]
  .text              ro code  0x08003ac0     0x4  startup_stm32f429_439xx.o [1]
  .text              ro code  0x08003ac4     0x4  startup_stm32f429_439xx.o [1]
  .text              ro code  0x08003ac8     0x4  startup_stm32f429_439xx.o [1]
  .text              ro code  0x08003acc     0x4  startup_stm32f429_439xx.o [1]
  .text              ro code  0x08003ad0     0x4  startup_stm32f429_439xx.o [1]
  .text              ro code  0x08003ad4     0x4  startup_stm32f429_439xx.o [1]
  .text              ro code  0x08003ad8     0x4  startup_stm32f429_439xx.o [1]
  .text              ro code  0x08003adc     0x4  startup_stm32f429_439xx.o [1]
  .text              ro code  0x08003ae0     0x4  startup_stm32f429_439xx.o [1]
  .text              ro code  0x08003ae4     0x4  startup_stm32f429_439xx.o [1]
  .text              ro code  0x08003ae8     0x4  startup_stm32f429_439xx.o [1]
  .text              ro code  0x08003aec     0x4  startup_stm32f429_439xx.o [1]
  .text              ro code  0x08003af0     0x4  startup_stm32f429_439xx.o [1]
  .text              ro code  0x08003af4     0x4  startup_stm32f429_439xx.o [1]
  .text              ro code  0x08003af8     0x4  startup_stm32f429_439xx.o [1]
  .text              ro code  0x08003afc     0x4  startup_stm32f429_439xx.o [1]
  .text              ro code  0x08003b00     0x4  startup_stm32f429_439xx.o [1]
  .rodata            const    0x08003b04     0x0  zero_init3.o [5]
  .rodata            const    0x08003b04     0x0  copy_init3.o [5]
  Initializer bytes  const    0x08003b04    0x48  <for P2 s0>
                            - 0x08003b4c  0x39a0

"P2":                                      0xd88
  P2 s0                       0x20000000    0x48  <Init block>
    .data            inited   0x20000000    0x1c  clog.o [1]
    .data            inited   0x2000001c    0x18  gui_process.o [1]
    .data            inited   0x20000034    0x10  stm32f4xx_rcc.o [1]
    .data            inited   0x20000044     0x1  rtt_log.o [1]
  .bss               zero     0x20000048   0x204  gui_cmd_queue.o [1]
  .bss               zero     0x2000024c   0x1e0  osal_timer.o [1]
  .bss               zero     0x2000042c   0x12c  gui_process.o [1]
  .bss               zero     0x20000558   0x12c  rtt_log.o [1]
  .bss               zero     0x20000684   0x12c  SEGGER_RTT.o [1]
  .bss               zero     0x200007b0    0xf0  system_info.o [1]
  .bss               zero     0x200008a0    0x78  SEGGER_RTT.o [1]
  .bss               zero     0x20000918    0x34  SEGGER_RTT.o [1]
  .bss               zero     0x2000094c    0x14  clog.o [1]
  .bss               zero     0x20000960     0x8  osal_task.o [1]
  .bss               zero     0x20000968     0x4  gui_cmd_queue.o [1]
  .bss               zero     0x2000096c     0x4  osal_clock.o [1]
  .bss               zero     0x20000970     0x4  osal_clock.o [1]
  .bss               zero     0x20000974     0x4  osal_core.o [1]
  .bss               zero     0x20000978     0x4  osal_timer.o [1]
  .bss               zero     0x2000097c     0x4  stm32f4xx_bsp_systick.o [1]
  .bss               zero     0x20000980     0x2  gui_cmd_queue.o [1]
  .bss               zero     0x20000982     0x2  osal_clock.o [1]
  .bss               zero     0x20000984     0x1  gui_task.o [1]
  .bss               zero     0x20000985     0x1  user_task.o [1]
  CSTACK                      0x20000988   0x400  <Block>
    CSTACK           uninit   0x20000988   0x400  <Block tail>
                            - 0x20000d88   0xd88


*******************************************************************************
*** INIT TABLE
***

          Address     Size
          -------     ----
Zero (__iar_zero_init3)
    1 destination range, total size 0x93e:
          0x20000048  0x93e

Copy (__iar_copy_init3)
    1 source range, total size 0x48 (104% of destination):
          0x08003b04   0x48
    1 destination range, total size 0x45:
          0x20000000   0x45



*******************************************************************************
*** MODULE SUMMARY
***

    Module                     ro code  ro data  rw data
    ------                     -------  -------  -------
C:\Users\Administrator\Desktop\ZSCA-1A01-E5\stm32f4xx\projects\IAR\Debug\Obj: [1]
    SEGGER_RTT.o                   572       20      472
    bsp_init.o                      24
    bsp_lcd.o                      104
    clog.o                          60       78       48
    gui_cmd_queue.o                268               522
    gui_conf.o                      36        4
    gui_gif.o                      132
    gui_icon.o                      54
    gui_process.o                1 288       48      324
    gui_record.o                   100
    gui_task.o                     124                 1
    gui_text.o                     148
    main.o                          28
    misc.o                         140
    osal_clock.o                   552                10
    osal_core.o                    232                 4
    osal_msg.o                       2
    osal_task.o                     26        8        8
    osal_timer.o                   464               484
    rtt_log.o                      464       33      301
    startup_stm32f429_439xx.o      804
    stm32f4xx_bsp_systick.o        152                 4
    stm32f4xx_bsp_usart.o          344
    stm32f4xx_gpio.o               260
    stm32f4xx_it.o                  46
    stm32f4xx_rcc.o                436       16       16
    stm32f4xx_usart.o              766
    system_info.o                    8               240
    system_init.o                   12
    system_param.o                 120
    system_stm32f4xx.o             380
    user_task.o                     68                 1
    ----------------------------------------------------
    Total:                       8 214      207    2 435

command line: [2]
    ----------------------------------------------------
    Total:

dl7M_tln.a: [3]
    div.o                           14
    exit.o                           4
    low_level_init.o                 4
    sprintf.o                       52
    vsnprint.o                      60
    xprintffull_nomb.o           3 502
    xsnprout.o                      26
    xsprout.o                       10
    ----------------------------------------------------
    Total:                       3 672

m7M_tls.a: [4]
    DblAdd.o                       212
    DblCmpGe.o                      46
    DblCmpLe.o                      46
    DblDiv.o                       598
    DblMul.o                       418
    DblSub.o                       384
    DblToI32.o                      88
    I32ToDbl.o                      48
    fpinit_M.o                      34
    xdnorm.o                        66
    xdscale.o                      280
    ----------------------------------------------------
    Total:                       2 220

rt7M_tl.a: [5]
    ABImemcpy_unaligned.o          118
    I64DivMod.o                    238
    I64DivZer.o                      2
    cexit.o                         10
    cmain.o                         26
    copy_init3.o                    44
    cstartup_M.o                    12
    data_init.o                     40
    memchr.o                        88
    strchr.o                        22
    strcpy_unaligned.o              68
    strlen.o                        54
    zero_init3.o                    64
    ----------------------------------------------------
    Total:                         786

shb_l.a: [6]
    exit.o                          20
    ----------------------------------------------------
    Total:                          20

    Gaps                            20        2
    Linker created                           39    1 024
--------------------------------------------------------
    Grand Total:                14 932      248    3 459


*******************************************************************************
*** ENTRY LIST
***

Entry                      Address   Size  Type      Object
-----                      -------   ----  ----      ------
.iar.init_table$$Base   0x08003848          --   Gb  - Linker created -
.iar.init_table$$Limit  0x0800386c          --   Gb  - Linker created -
?main                   0x080038b5         Code  Gb  cmain.o [5]
APBAHBPrescTable        0x20000034   0x10  Data  Lc  stm32f4xx_rcc.o [1]
BSP_Init                0x08003891   0x10  Code  Gb  bsp_init.o [1]
BSP_LCD_SendStrings     0x080025a5   0x16  Code  Gb  bsp_lcd.o [1]
BSP_LCD_SendUint16      0x080025bb   0x18  Code  Gb  bsp_lcd.o [1]
BSP_LCD_SendUint32      0x080025d3   0x16  Code  Gb  bsp_lcd.o [1]
BSP_LCD_WriteByte       0x08002595   0x10  Code  Gb  bsp_lcd.o [1]
BSP_LCD_WriteBytes      0x08002581   0x14  Code  Gb  bsp_lcd.o [1]
BSP_SYSTICK_IncTick     0x080036c3    0xc  Code  Gb  stm32f4xx_bsp_systick.o [1]
BSP_SYSTICK_Open        0x080036a7   0x1c  Code  Gb  stm32f4xx_bsp_systick.o [1]
BSP_USART_IRQHandler    0x08002945   0x38  Code  Gb  stm32f4xx_bsp_usart.o [1]
BSP_USART_Open          0x0800282d   0xce  Code  Gb  stm32f4xx_bsp_usart.o [1]
BSP_USART_WriteByte     0x0800291f   0x26  Code  Gb  stm32f4xx_bsp_usart.o [1]
BSP_USART_WriteBytes    0x080028fb   0x24  Code  Gb  stm32f4xx_bsp_usart.o [1]
Board_Init              0x08003889    0x8  Code  Gb  bsp_init.o [1]
BusFault_Handler        0x080037a7    0x2  Code  Gb  stm32f4xx_it.o [1]
CLog_GetCurrentTaskID   0x0800345d    0x4  Code  Gb  clog.o [1]
CLog_GetTime            0x08003461   0x20  Code  Gb  clog.o [1]
CLog_Init               0x08003481   0x14  Code  Gb  clog.o [1]
CSTACK$$Base            0x20000988          --   Gb  - Linker created -
CSTACK$$Limit           0x20000d88          --   Gb  - Linker created -
DebugMon_Handler        0x080037ad    0x2  Code  Gb  stm32f4xx_it.o [1]
GPIO_Init               0x08002b7d   0xaa  Code  Gb  stm32f4xx_gpio.o [1]
GPIO_PinAFConfig        0x08002c27   0x5a  Code  Gb  stm32f4xx_gpio.o [1]
GUI_GIF_Pause           0x080021a9   0x2c  Code  Gb  gui_gif.o [1]
GUI_GIF_Start           0x08002151   0x2c  Code  Gb  gui_gif.o [1]
GUI_GIF_Stop            0x0800217d   0x2c  Code  Gb  gui_gif.o [1]
GUI_Icon_PlayFrame      0x0800226d   0x36  Code  Gb  gui_icon.o [1]
GUI_Queue_Find_Cmd      0x08001faf   0x84  Code  Gb  gui_cmd_queue.o [1]
GUI_Queue_Push          0x08001f35   0x2c  Code  Gb  gui_cmd_queue.o [1]
GUI_Record_SetEvent     0x08002209   0x64  Code  Gb  gui_record.o [1]
GUI_SendEndCMD          0x08002567   0x14  Code  Gb  gui_conf.o [1]
GUI_SendHeadCMD         0x0800255d    0xa  Code  Gb  gui_conf.o [1]
GUI_TEXT_SetInt32       0x080020f1   0x60  Code  Gb  gui_text.o [1]
GUI_TEXT_SetText        0x080020bd   0x34  Code  Gb  gui_text.o [1]
GUI_Update              0x08001d09   0x20  Code  Gb  gui_process.o [1]
GuiTask_Init            0x08002041   0x18  Code  Gb  gui_task.o [1]
GuiTask_Process         0x08002059   0x50  Code  Gb  gui_task.o [1]
GuiTask_Send_Event      0x080020a9   0x10  Code  Gb  gui_task.o [1]
Gui_CheckCMD_Loop_Process
                        0x08001a4f   0x48  Code  Gb  gui_process.o [1]
HardFault_Handler       0x080037a3    0x2  Code  Gb  stm32f4xx_it.o [1]
LoadInt                 0x08000739   0x6e  Code  Lc  xprintffull_nomb.o [3]
MemManage_Handler       0x080037a5    0x2  Code  Gb  stm32f4xx_it.o [1]
NMI_Handler             0x080037a1    0x2  Code  Gb  stm32f4xx_it.o [1]
NVIC_Init               0x08002f8b   0x6e  Code  Gb  misc.o [1]
NVIC_PriorityGroupConfig
                        0x08002f81    0xa  Code  Gb  misc.o [1]
NVIC_SetPriority        0x08003651   0x26  Code  Lc  stm32f4xx_bsp_systick.o [1]
NVIC_SystemReset        0x08001a2d   0x22  Code  Lc  gui_process.o [1]
OS_Clock_ConvertToDateTime
                        0x080026ad  0x16e  Code  Gb  osal_clock.o [1]
OS_Clock_GetSeconds     0x08002663   0x12  Code  Gb  osal_clock.o [1]
OS_Clock_GetSystemClock
                        0x08002675   0x12  Code  Gb  osal_clock.o [1]
OS_Clock_Update         0x08002605   0x5e  Code  Gb  osal_clock.o [1]
OS_Events_Set           0x08002523   0x2e  Code  Gb  osal_core.o [1]
OS_Init                 0x08002475   0x10  Code  Gb  osal_core.o [1]
OS_Msg_Init             0x080025e9    0x2  Code  Gb  osal_msg.o [1]
OS_Start                0x08002485    0x8  Code  Gb  osal_core.o [1]
OS_Task_Init            0x080025eb   0x1a  Code  Gb  osal_task.o [1]
OS_Timer_Init           0x080022a5   0x20  Code  Gb  osal_timer.o [1]
OS_Timer_Start          0x080023dd   0x28  Code  Gb  osal_timer.o [1]
OS_Timer_Update         0x08002405   0x64  Code  Gb  osal_timer.o [1]
PendSV_Handler          0x080037af    0x2  Code  Gb  stm32f4xx_it.o [1]
RCC_AHB1PeriphClockCmd  0x08002add   0x22  Code  Gb  stm32f4xx_rcc.o [1]
RCC_APB1PeriphResetCmd  0x08002b1d   0x1e  Code  Gb  stm32f4xx_rcc.o [1]
RCC_APB2PeriphClockCmd  0x08002aff   0x1e  Code  Gb  stm32f4xx_rcc.o [1]
RCC_APB2PeriphResetCmd  0x08002b3b   0x1e  Code  Gb  stm32f4xx_rcc.o [1]
RCC_GetClocksFreq       0x080029c9  0x114  Code  Gb  stm32f4xx_rcc.o [1]
RTTLog_GetLogLevel      0x08003439    0x6  Code  Lc  rtt_log.o [1]
RTTLog_Init             0x0800328d   0x20  Code  Gb  rtt_log.o [1]
RTTLog_SetLogLevel      0x08003441    0x6  Code  Lc  rtt_log.o [1]
RTTLog_Write            0x080032ad   0xba  Code  Lc  rtt_log.o [1]
RTTLog_WriteRAW         0x08003425   0x14  Code  Lc  rtt_log.o [1]
RTTLog_vprintf          0x08003369   0xba  Code  Lc  rtt_log.o [1]
Region$$Table$$Base     0x08003848          --   Gb  - Linker created -
Region$$Table$$Limit    0x0800386c          --   Gb  - Linker created -
SEGGER_RTT_Write        0x080031fd   0x38  Code  Gb  SEGGER_RTT.o [1]
SEGGER_RTT_WriteNoLock  0x0800317d   0x80  Code  Gb  SEGGER_RTT.o [1]
SVC_Handler             0x080037ab    0x2  Code  Gb  stm32f4xx_it.o [1]
SetSysClock             0x08003527   0xf6  Code  Lc  system_stm32f4xx.o [1]
SysTick_Config          0x08003677   0x30  Code  Lc  stm32f4xx_bsp_systick.o [1]
SysTick_Handler         0x080037b1   0x14  Code  Gb  stm32f4xx_it.o [1]
SystemInfo_Init         0x080038ad    0x8  Code  Gb  system_info.o [1]
SystemInit              0x080034d5   0x52  Code  Gb  system_stm32f4xx.o [1]
SystemParam_Init        0x080036e9   0x78  Code  Gb  system_param.o [1]
System_Load             0x080038a1    0xc  Code  Gb  system_init.o [1]
USART1_IRQHandler       0x080037c5    0xa  Code  Gb  stm32f4xx_it.o [1]
USART_Cmd               0x08002e71   0x1c  Code  Gb  stm32f4xx_usart.o [1]
USART_DeInit            0x08002c81   0xdc  Code  Gb  stm32f4xx_usart.o [1]
USART_GetFlagStatus     0x08002ef3   0x1e  Code  Gb  stm32f4xx_usart.o [1]
USART_GetITStatus       0x08002f11   0x6e  Code  Gb  stm32f4xx_usart.o [1]
USART_ITConfig          0x08002e9d   0x56  Code  Gb  stm32f4xx_usart.o [1]
USART_Init              0x08002d5d   0xee  Code  Gb  stm32f4xx_usart.o [1]
USART_ReceiveData       0x08002e95    0x8  Code  Gb  stm32f4xx_usart.o [1]
USART_SendData          0x08002e8d    0x8  Code  Gb  stm32f4xx_usart.o [1]
UsageFault_Handler      0x080037a9    0x2  Code  Gb  stm32f4xx_it.o [1]
UserTask_Init           0x08002985    0x6  Code  Gb  user_task.o [1]
UserTask_Process        0x0800298b   0x38  Code  Gb  user_task.o [1]
_DoInit                 0x0800300d   0x62  Code  Lc  SEGGER_RTT.o [1]
_GenldFullNoMb          0x08000caf  0x264  Code  Lc  xprintffull_nomb.o [3]
_GetAvailWriteSpace     0x08003153   0x26  Code  Lc  SEGGER_RTT.o [1]
_LdtobFullNoMb          0x080008ad  0x3fc  Code  Lc  xprintffull_nomb.o [3]
_LitobFullNoMb          0x080007a7  0x106  Code  Lc  xprintffull_nomb.o [3]
_PrintfFullNoMb         0x080001ad  0x586  Code  Gb  xprintffull_nomb.o [3]
_PutcharsFullNoMb       0x08000f13   0x2e  Code  Lc  xprintffull_nomb.o [3]
_SEGGER_RTT             0x200008a0   0x78  Data  Gb  SEGGER_RTT.o [1]
_SNProut                0x08000f5b   0x1a  Code  Gb  xsnprout.o [3]
_SProut                 0x08000f8b    0xa  Code  Gb  xsprout.o [3]
_WriteBlocking          0x0800306f   0x82  Code  Lc  SEGGER_RTT.o [1]
_WriteNoCheck           0x080030f1   0x62  Code  Lc  SEGGER_RTT.o [1]
__aeabi_cdcmple         0x080011cd         Code  Gb  DblCmpLe.o [4]
__aeabi_cdrcmple        0x080011fd         Code  Gb  DblCmpGe.o [4]
__aeabi_d2iz            0x08001345         Code  Gb  DblToI32.o [4]
__aeabi_d2uiz           0x08001371         Code  Gb  DblToI32.o [4]
__aeabi_ddiv            0x080016f1         Code  Gb  DblDiv.o [4]
__aeabi_dmul            0x0800154d         Code  Gb  DblMul.o [4]
__aeabi_dsub            0x080013cd         Code  Gb  DblSub.o [4]
__aeabi_i2d             0x0800139d         Code  Gb  I32ToDbl.o [4]
__aeabi_ldiv0           0x08001955         Code  Gb  I64DivZer.o [5]
__aeabi_ui2d            0x080013b1         Code  Gb  I32ToDbl.o [4]
__aeabi_uldivmod        0x08001025         Code  Gb  I64DivMod.o [5]
__cmain                 0x080038b5         Code  Gb  cmain.o [5]
__exit                  0x080038e5   0x14  Code  Gb  exit.o [6]
__iar_Dnorm             0x0800118b   0x42  Code  Gb  xdnorm.o [4]
__iar_Dscale            0x0800122d  0x118  Code  Gb  xdscale.o [4]
__iar_Memchr            0x08000fcd         Code  Gb  memchr.o [5]
__iar_Strchr            0x08000f75         Code  Gb  strchr.o [5]
__iar_copy_init3        0x080037cf   0x2c  Code  Gb  copy_init3.o [5]
__iar_d2uiz             0x0800137d         Code  Gb  DblToI32.o [4]
__iar_dadd              0x08001959         Code  Gb  DblAdd.o [4]
__iar_data_init3        0x080037fd   0x28  Code  Gb  data_init.o [5]
__iar_dsub              0x080013e1         Code  Gb  DblSub.o [4]
__iar_dsubStart         0x080013f3         Code  Gb  DblSub.o [4]
__iar_init_vfp          0x08003825         Code  Gb  fpinit_M.o [4]
__iar_program_start     0x0800392d         Code  Gb  cstartup_M.o [5]
__iar_ui2d              0x080013b5         Code  Gb  I32ToDbl.o [4]
__iar_unaligned___aeabi_memcpy
                        0x08001115         Code  Gb  ABImemcpy_unaligned.o [5]
__iar_unaligned___aeabi_memcpy4
                        0x08001135         Code  Gb  ABImemcpy_unaligned.o [5]
__iar_unaligned___aeabi_memcpy8
                        0x08001135         Code  Gb  ABImemcpy_unaligned.o [5]
__iar_unaligned_strcpy  0x08003249         Code  Gb  strcpy_unaligned.o [5]
__iar_zero_init3        0x08003761   0x40  Code  Gb  zero_init3.o [5]
__low_level_init        0x080038cf    0x4  Code  Gb  low_level_init.o [3]
__vector_table          0x08000000         Data  Gb  startup_stm32f429_439xx.o [1]
_acDownBuffer           0x20000918   0x34  Data  Lc  SEGGER_RTT.o [1]
_acUpBuffer             0x20000684  0x12c  Data  Lc  SEGGER_RTT.o [1]
_call_main              0x080038c1         Code  Gb  cmain.o [5]
_exit                   0x080038d9         Code  Gb  cexit.o [5]
_main                   0x080038cb         Code  Gb  cmain.o [5]
cmd_buffer              0x2000042c  0x12c  Data  Gb  gui_process.o [1]
div                     0x08001947    0xe  Code  Gb  div.o [3]
exit                    0x080038d3    0x4  Code  Gb  exit.o [3]
g_GuiTask_Id            0x20000984    0x1  Data  Gb  gui_task.o [1]
g_LogLevelText          0x20000000   0x1c  Data  Gb  clog.o [1]
g_SystemInfo            0x200007b0   0xf0  Data  Gb  system_info.o [1]
g_TasksEvents           0x20000960    0x8  Data  Gb  osal_task.o [1]
g_TasksFnArr            0x08003980    0x8  Data  Gb  osal_task.o [1]
g_UserTask_Id           0x20000985    0x1  Data  Gb  user_task.o [1]
gui_Message_Process     0x08001a97  0x1ca  Code  Lc  gui_process.o [1]
gui_notify_button       0x08001c75    0x8  Code  Lc  gui_process.o [1]
gui_notify_handshake    0x08001c61    0x2  Code  Lc  gui_process.o [1]
gui_notify_menu         0x08001cdf   0x20  Code  Lc  gui_process.o [1]
gui_notify_meter        0x08001cdd    0x2  Code  Lc  gui_process.o [1]
gui_notify_progress     0x08001cd9    0x2  Code  Lc  gui_process.o [1]
gui_notify_readflash    0x08001d03    0x2  Code  Lc  gui_process.o [1]
gui_notify_readrtc      0x08001d07    0x2  Code  Lc  gui_process.o [1]
gui_notify_screen       0x08001c63   0x10  Code  Lc  gui_process.o [1]
gui_notify_selector     0x08001cff    0x2  Code  Lc  gui_process.o [1]
gui_notify_slider       0x08001cdb    0x2  Code  Lc  gui_process.o [1]
gui_notify_text         0x08001c7d   0x5c  Code  Lc  gui_process.o [1]
gui_notify_timer        0x08001d01    0x2  Code  Lc  gui_process.o [1]
gui_notify_touchxy      0x08001c73    0x2  Code  Lc  gui_process.o [1]
gui_notify_writeflash   0x08001d05    0x2  Code  Lc  gui_process.o [1]
gui_queue               0x20000048  0x204  Data  Lc  gui_cmd_queue.o [1]
gui_queue_get_size      0x08001f91   0x1e  Code  Lc  gui_cmd_queue.o [1]
gui_queue_pop           0x08001f61   0x30  Code  Lc  gui_cmd_queue.o [1]
main                    0x0800386d   0x1c  Code  Gb  main.o [1]
memchr                  0x08000fcd         Code  Gb  memchr.o [5]
month_length            0x08002687   0x26  Code  Lc  osal_clock.o [1]
osalRun                 0x080024a7   0x7c  Code  Lc  osal_core.o [1]
osalTimeUpdate          0x0800248d   0x1a  Code  Lc  osal_core.o [1]
osalTimerAdd            0x0800235d   0x80  Code  Gb  osal_timer.o [1]
osalTimerAlloc          0x080022c5   0x64  Code  Gb  osal_timer.o [1]
osalTimerFind           0x08002329   0x34  Code  Gb  osal_timer.o [1]
s_CBvalue               0x2000001c   0x18  Data  Gb  gui_process.o [1]
s_LogLevel              0x20000044    0x1  Data  Lc  rtt_log.o [1]
s_RTTLog                0x2000094c   0x14  Data  Gb  clog.o [1]
s_RTTLogBuf             0x20000558  0x12c  Data  Lc  rtt_log.o [1]
s_Systick_Ticks         0x2000097c    0x4  Data  Gb  stm32f4xx_bsp_systick.o [1]
s_cmd_pos               0x20000980    0x2  Data  Lc  gui_cmd_queue.o [1]
s_cmd_state             0x20000968    0x4  Data  Lc  gui_cmd_queue.o [1]
s_osalClock_ElapsedMs   0x20000970    0x4  Data  Lc  osal_clock.o [1]
s_osalClock_MilliSeconds
                        0x20000982    0x2  Data  Lc  osal_clock.o [1]
s_osalClock_Seconds     0x2000096c    0x4  Data  Lc  osal_clock.o [1]
s_osalTimerHead         0x20000978    0x4  Data  Lc  osal_timer.o [1]
s_osalTimerMemHeap      0x2000024c  0x1e0  Data  Lc  osal_timer.o [1]
sprintf                 0x080021d5   0x34  Code  Gb  sprintf.o [3]
strchr                  0x08000f75         Code  Gb  strchr.o [5]
strlen                  0x08000f95         Code  Gb  strlen.o [5]
text_screen_update_event
                        0x08001d29  0x1e8  Code  Lc  gui_process.o [1]
vsnprintf               0x08003499   0x3c  Code  Gb  vsnprint.o [3]


[1] = C:\Users\Administrator\Desktop\ZSCA-1A01-E5\stm32f4xx\projects\IAR\Debug\Obj
[2] = command line
[3] = dl7M_tln.a
[4] = m7M_tls.a
[5] = rt7M_tl.a
[6] = shb_l.a

  14 932 bytes of readonly  code memory
     248 bytes of readonly  data memory
   3 459 bytes of readwrite data memory

Errors: none
Warnings: none
