###############################################################################
#
# IAR ELF Linker V7.40.3.8902/W32 for ARM                 12/Nov/2018  20:15:16
# Copyright 2007-2015 IAR Systems AB.
#
#    Output file  =  
#        C:\Users\Administrator\Desktop\dacai\stm32f4xx\projects\IAR\Debug\Exe\c.out
#    Map file     =  
#        C:\Users\Administrator\Desktop\dacai\stm32f4xx\projects\IAR\Debug\List\c.map
#    Command line =  
#        C:\Users\Administrator\Desktop\dacai\stm32f4xx\projects\IAR\Debug\Obj\bsp_init.o
#        C:\Users\Administrator\Desktop\dacai\stm32f4xx\projects\IAR\Debug\Obj\bsp_lcd.o
#        C:\Users\Administrator\Desktop\dacai\stm32f4xx\projects\IAR\Debug\Obj\clog.o
#        C:\Users\Administrator\Desktop\dacai\stm32f4xx\projects\IAR\Debug\Obj\cqueue.o
#        C:\Users\Administrator\Desktop\dacai\stm32f4xx\projects\IAR\Debug\Obj\crc.o
#        C:\Users\Administrator\Desktop\dacai\stm32f4xx\projects\IAR\Debug\Obj\cshell.o
#        C:\Users\Administrator\Desktop\dacai\stm32f4xx\projects\IAR\Debug\Obj\cshell_port.o
#        C:\Users\Administrator\Desktop\dacai\stm32f4xx\projects\IAR\Debug\Obj\cshell_user.o
#        C:\Users\Administrator\Desktop\dacai\stm32f4xx\projects\IAR\Debug\Obj\cstring.o
#        C:\Users\Administrator\Desktop\dacai\stm32f4xx\projects\IAR\Debug\Obj\flash_log.o
#        C:\Users\Administrator\Desktop\dacai\stm32f4xx\projects\IAR\Debug\Obj\gui_cmd_queue.o
#        C:\Users\Administrator\Desktop\dacai\stm32f4xx\projects\IAR\Debug\Obj\gui_dev_api.o
#        C:\Users\Administrator\Desktop\dacai\stm32f4xx\projects\IAR\Debug\Obj\gui_process.o
#        C:\Users\Administrator\Desktop\dacai\stm32f4xx\projects\IAR\Debug\Obj\gui_task.o
#        C:\Users\Administrator\Desktop\dacai\stm32f4xx\projects\IAR\Debug\Obj\main.o
#        C:\Users\Administrator\Desktop\dacai\stm32f4xx\projects\IAR\Debug\Obj\misc.o
#        C:\Users\Administrator\Desktop\dacai\stm32f4xx\projects\IAR\Debug\Obj\osal.o
#        C:\Users\Administrator\Desktop\dacai\stm32f4xx\projects\IAR\Debug\Obj\osal_cfg.o
#        C:\Users\Administrator\Desktop\dacai\stm32f4xx\projects\IAR\Debug\Obj\osal_clock.o
#        C:\Users\Administrator\Desktop\dacai\stm32f4xx\projects\IAR\Debug\Obj\osal_core.o
#        C:\Users\Administrator\Desktop\dacai\stm32f4xx\projects\IAR\Debug\Obj\osal_cpu.o
#        C:\Users\Administrator\Desktop\dacai\stm32f4xx\projects\IAR\Debug\Obj\osal_msg.o
#        C:\Users\Administrator\Desktop\dacai\stm32f4xx\projects\IAR\Debug\Obj\osal_task.o
#        C:\Users\Administrator\Desktop\dacai\stm32f4xx\projects\IAR\Debug\Obj\osal_timeout.o
#        C:\Users\Administrator\Desktop\dacai\stm32f4xx\projects\IAR\Debug\Obj\osal_timer.o
#        C:\Users\Administrator\Desktop\dacai\stm32f4xx\projects\IAR\Debug\Obj\rtt_log.o
#        C:\Users\Administrator\Desktop\dacai\stm32f4xx\projects\IAR\Debug\Obj\SEGGER_RTT.o
#        C:\Users\Administrator\Desktop\dacai\stm32f4xx\projects\IAR\Debug\Obj\SEGGER_RTT_printf.o
#        C:\Users\Administrator\Desktop\dacai\stm32f4xx\projects\IAR\Debug\Obj\serial_log.o
#        C:\Users\Administrator\Desktop\dacai\stm32f4xx\projects\IAR\Debug\Obj\startup_stm32f429_439xx.o
#        C:\Users\Administrator\Desktop\dacai\stm32f4xx\projects\IAR\Debug\Obj\stm32f4xx_adc.o
#        C:\Users\Administrator\Desktop\dacai\stm32f4xx\projects\IAR\Debug\Obj\stm32f4xx_bsp_systick.o
#        C:\Users\Administrator\Desktop\dacai\stm32f4xx\projects\IAR\Debug\Obj\stm32f4xx_bsp_usart.o
#        C:\Users\Administrator\Desktop\dacai\stm32f4xx\projects\IAR\Debug\Obj\stm32f4xx_can.o
#        C:\Users\Administrator\Desktop\dacai\stm32f4xx\projects\IAR\Debug\Obj\stm32f4xx_cec.o
#        C:\Users\Administrator\Desktop\dacai\stm32f4xx\projects\IAR\Debug\Obj\stm32f4xx_crc.o
#        C:\Users\Administrator\Desktop\dacai\stm32f4xx\projects\IAR\Debug\Obj\stm32f4xx_cryp.o
#        C:\Users\Administrator\Desktop\dacai\stm32f4xx\projects\IAR\Debug\Obj\stm32f4xx_cryp_aes.o
#        C:\Users\Administrator\Desktop\dacai\stm32f4xx\projects\IAR\Debug\Obj\stm32f4xx_cryp_des.o
#        C:\Users\Administrator\Desktop\dacai\stm32f4xx\projects\IAR\Debug\Obj\stm32f4xx_cryp_tdes.o
#        C:\Users\Administrator\Desktop\dacai\stm32f4xx\projects\IAR\Debug\Obj\stm32f4xx_dac.o
#        C:\Users\Administrator\Desktop\dacai\stm32f4xx\projects\IAR\Debug\Obj\stm32f4xx_dbgmcu.o
#        C:\Users\Administrator\Desktop\dacai\stm32f4xx\projects\IAR\Debug\Obj\stm32f4xx_dcmi.o
#        C:\Users\Administrator\Desktop\dacai\stm32f4xx\projects\IAR\Debug\Obj\stm32f4xx_dfsdm.o
#        C:\Users\Administrator\Desktop\dacai\stm32f4xx\projects\IAR\Debug\Obj\stm32f4xx_dma.o
#        C:\Users\Administrator\Desktop\dacai\stm32f4xx\projects\IAR\Debug\Obj\stm32f4xx_dma2d.o
#        C:\Users\Administrator\Desktop\dacai\stm32f4xx\projects\IAR\Debug\Obj\stm32f4xx_dsi.o
#        C:\Users\Administrator\Desktop\dacai\stm32f4xx\projects\IAR\Debug\Obj\stm32f4xx_exti.o
#        C:\Users\Administrator\Desktop\dacai\stm32f4xx\projects\IAR\Debug\Obj\stm32f4xx_flash.o
#        C:\Users\Administrator\Desktop\dacai\stm32f4xx\projects\IAR\Debug\Obj\stm32f4xx_flash_ramfunc.o
#        C:\Users\Administrator\Desktop\dacai\stm32f4xx\projects\IAR\Debug\Obj\stm32f4xx_fmc.o
#        C:\Users\Administrator\Desktop\dacai\stm32f4xx\projects\IAR\Debug\Obj\stm32f4xx_fmpi2c.o
#        C:\Users\Administrator\Desktop\dacai\stm32f4xx\projects\IAR\Debug\Obj\stm32f4xx_gpio.o
#        C:\Users\Administrator\Desktop\dacai\stm32f4xx\projects\IAR\Debug\Obj\stm32f4xx_hash.o
#        C:\Users\Administrator\Desktop\dacai\stm32f4xx\projects\IAR\Debug\Obj\stm32f4xx_hash_md5.o
#        C:\Users\Administrator\Desktop\dacai\stm32f4xx\projects\IAR\Debug\Obj\stm32f4xx_hash_sha1.o
#        C:\Users\Administrator\Desktop\dacai\stm32f4xx\projects\IAR\Debug\Obj\stm32f4xx_i2c.o
#        C:\Users\Administrator\Desktop\dacai\stm32f4xx\projects\IAR\Debug\Obj\stm32f4xx_it.o
#        C:\Users\Administrator\Desktop\dacai\stm32f4xx\projects\IAR\Debug\Obj\stm32f4xx_iwdg.o
#        C:\Users\Administrator\Desktop\dacai\stm32f4xx\projects\IAR\Debug\Obj\stm32f4xx_lptim.o
#        C:\Users\Administrator\Desktop\dacai\stm32f4xx\projects\IAR\Debug\Obj\stm32f4xx_ltdc.o
#        C:\Users\Administrator\Desktop\dacai\stm32f4xx\projects\IAR\Debug\Obj\stm32f4xx_pwr.o
#        C:\Users\Administrator\Desktop\dacai\stm32f4xx\projects\IAR\Debug\Obj\stm32f4xx_qspi.o
#        C:\Users\Administrator\Desktop\dacai\stm32f4xx\projects\IAR\Debug\Obj\stm32f4xx_rcc.o
#        C:\Users\Administrator\Desktop\dacai\stm32f4xx\projects\IAR\Debug\Obj\stm32f4xx_rng.o
#        C:\Users\Administrator\Desktop\dacai\stm32f4xx\projects\IAR\Debug\Obj\stm32f4xx_rtc.o
#        C:\Users\Administrator\Desktop\dacai\stm32f4xx\projects\IAR\Debug\Obj\stm32f4xx_sai.o
#        C:\Users\Administrator\Desktop\dacai\stm32f4xx\projects\IAR\Debug\Obj\stm32f4xx_sdio.o
#        C:\Users\Administrator\Desktop\dacai\stm32f4xx\projects\IAR\Debug\Obj\stm32f4xx_spdifrx.o
#        C:\Users\Administrator\Desktop\dacai\stm32f4xx\projects\IAR\Debug\Obj\stm32f4xx_spi.o
#        C:\Users\Administrator\Desktop\dacai\stm32f4xx\projects\IAR\Debug\Obj\stm32f4xx_syscfg.o
#        C:\Users\Administrator\Desktop\dacai\stm32f4xx\projects\IAR\Debug\Obj\stm32f4xx_tim.o
#        C:\Users\Administrator\Desktop\dacai\stm32f4xx\projects\IAR\Debug\Obj\stm32f4xx_usart.o
#        C:\Users\Administrator\Desktop\dacai\stm32f4xx\projects\IAR\Debug\Obj\stm32f4xx_wwdg.o
#        C:\Users\Administrator\Desktop\dacai\stm32f4xx\projects\IAR\Debug\Obj\system_info.o
#        C:\Users\Administrator\Desktop\dacai\stm32f4xx\projects\IAR\Debug\Obj\system_init.o
#        C:\Users\Administrator\Desktop\dacai\stm32f4xx\projects\IAR\Debug\Obj\system_param.o
#        C:\Users\Administrator\Desktop\dacai\stm32f4xx\projects\IAR\Debug\Obj\system_stm32f4xx.o
#        C:\Users\Administrator\Desktop\dacai\stm32f4xx\projects\IAR\Debug\Obj\user_task.o
#        -o
#        C:\Users\Administrator\Desktop\dacai\stm32f4xx\projects\IAR\Debug\Exe\c.out
#        --map
#        C:\Users\Administrator\Desktop\dacai\stm32f4xx\projects\IAR\Debug\List\c.map
#        --config "D:\Program Files (x86)\IAR Systems\Embedded Workbench
#        7.2\arm\config\linker\ST\stm32f429xG.icf" --semihosting --entry
#        __iar_program_start --vfe
#
###############################################################################

*******************************************************************************
*** RUNTIME MODEL ATTRIBUTES
***

CppFlavor       = *
__SystemLibrary = DLib


*******************************************************************************
*** PLACEMENT SUMMARY
***

"A1":  place at 0x08000000 { ro section .intvec };
"P1":  place in [from 0x08000000 to 0x080fffff] { ro };
"P2":  place in [from 0x20000000 to 0x2002ffff] { rw, block CSTACK, block HEAP };

  Section            Kind        Address    Size  Object
  -------            ----        -------    ----  ------
"A1":                                      0x1ac
  .intvec            ro code  0x08000000   0x1ac  startup_stm32f429_439xx.o [1]
                            - 0x080001ac   0x1ac

"P1":                                     0x3898
  .text              ro code  0x080001ac   0xdae  xprintffull_nomb.o [3]
  .text              ro code  0x08000f5a    0x1a  xsnprout.o [3]
  .text              ro code  0x08000f74    0x16  strchr.o [5]
  .text              ro code  0x08000f8a     0xa  xsprout.o [3]
  .text              ro code  0x08000f94    0x36  strlen.o [5]
  .rodata            const    0x08000fca     0x2  clog.o [1]
  .text              ro code  0x08000fcc    0x58  memchr.o [5]
  .text              ro code  0x08001024    0xee  I64DivMod.o [5]
  .text              ro code  0x08001114    0x76  ABImemcpy_unaligned.o [5]
  .text              ro code  0x0800118a    0x42  xdnorm.o [4]
  .text              ro code  0x080011cc    0x2e  DblCmpLe.o [4]
  .text              ro code  0x080011fc    0x2e  DblCmpGe.o [4]
  .text              ro code  0x0800122c   0x118  xdscale.o [4]
  .text              ro code  0x08001344    0x58  DblToI32.o [4]
  .text              ro code  0x0800139c    0x30  I32ToDbl.o [4]
  .text              ro code  0x080013cc   0x180  DblSub.o [4]
  .text              ro code  0x0800154c   0x1a2  DblMul.o [4]
  .text              ro code  0x080016f0   0x256  DblDiv.o [4]
  .text              ro code  0x08001946     0xe  div.o [3]
  .text              ro code  0x08001954     0x2  I64DivZer.o [5]
  .text              ro code  0x08001958    0xd4  DblAdd.o [4]
  .text              ro code  0x08001a2c   0x490  gui_process.o [1]
  .text              ro code  0x08001ebc   0x10c  gui_cmd_queue.o [1]
  .text              ro code  0x08001fc8    0x7c  gui_task.o [1]
  .text              ro code  0x08002044   0x13e  gui_dev_api.o [1]
  .text              ro code  0x08002184    0x34  sprintf.o [3]
  .text              ro code  0x080021b8   0x1d0  osal_timer.o [1]
  .text              ro code  0x08002388    0xe8  osal_core.o [1]
  .text              ro code  0x08002470    0x52  bsp_lcd.o [1]
  .text              ro code  0x080024c4     0x2  osal_msg.o [1]
  .text              ro code  0x080024c6    0x1a  osal_task.o [1]
  .text              ro code  0x080024e0   0x228  osal_clock.o [1]
  .text              ro code  0x08002708   0x158  stm32f4xx_bsp_usart.o [1]
  .text              ro code  0x08002860    0x44  user_task.o [1]
  .text              ro code  0x080028a4   0x1b4  stm32f4xx_rcc.o [1]
  .text              ro code  0x08002a58   0x104  stm32f4xx_gpio.o [1]
  .text              ro code  0x08002b5c   0x2fe  stm32f4xx_usart.o [1]
  .text              ro code  0x08002e5c    0x8c  misc.o [1]
  .text              ro code  0x08002ee8   0x23c  SEGGER_RTT.o [1]
  .text              ro code  0x08003124    0x44  strcpy_unaligned.o [5]
  .text              ro code  0x08003168   0x1d0  rtt_log.o [1]
  .text              ro code  0x08003338    0x3c  clog.o [1]
  .text              ro code  0x08003374    0x3c  vsnprint.o [3]
  .text              ro code  0x080033b0   0x17c  system_stm32f4xx.o [1]
  .text              ro code  0x0800352c    0x98  stm32f4xx_bsp_systick.o [1]
  .text              ro code  0x080035c4    0x78  system_param.o [1]
  .text              ro code  0x0800363c    0x40  zero_init3.o [5]
  .text              ro code  0x0800367c    0x2e  stm32f4xx_it.o [1]
  .text              ro code  0x080036aa    0x2c  copy_init3.o [5]
  .text              ro code  0x080036d8    0x28  data_init.o [5]
  .text              ro code  0x08003700    0x22  fpinit_M.o [4]
  .iar.init_table    const    0x08003724    0x24  - Linker created -
  .text              ro code  0x08003748    0x1c  main.o [1]
  .text              ro code  0x08003764    0x18  bsp_init.o [1]
  .text              ro code  0x0800377c     0xc  system_init.o [1]
  .text              ro code  0x08003788     0x8  system_info.o [1]
  .text              ro code  0x08003790    0x1a  cmain.o [5]
  .text              ro code  0x080037aa     0x4  low_level_init.o [3]
  .text              ro code  0x080037ae     0x4  exit.o [3]
  .text              ro code  0x080037b4     0xa  cexit.o [5]
  .text              ro code  0x080037c0    0x14  exit.o [6]
  .rodata            const    0x080037d4    0x18  rtt_log.o [1]
  .text              ro code  0x080037ec    0x10  startup_stm32f429_439xx.o [1]
  .rodata            const    0x080037fc     0xc  SEGGER_RTT.o [1]
  .text              ro code  0x08003808     0xc  cstartup_M.o [5]
  .rodata            const    0x08003814     0x8  clog.o [1]
  .rodata            const    0x0800381c     0x8  clog.o [1]
  .rodata            const    0x08003824     0x8  clog.o [1]
  .rodata            const    0x0800382c     0x8  clog.o [1]
  .rodata            const    0x08003834     0x8  clog.o [1]
  .rodata            const    0x0800383c     0x8  clog.o [1]
  .rodata            const    0x08003844     0x8  gui_process.o [1]
  .rodata            const    0x0800384c     0x8  gui_process.o [1]
  .rodata            const    0x08003854     0x8  gui_process.o [1]
  .rodata            const    0x0800385c     0x8  osal_task.o [1]
  .rodata            const    0x08003864     0x8  rtt_log.o [1]
  .rodata            const    0x0800386c     0x8  SEGGER_RTT.o [1]
  .rodata            const    0x08003874     0x4  gui_dev_api.o [1]
  .text              ro code  0x08003878     0x4  startup_stm32f429_439xx.o [1]
  .text              ro code  0x0800387c     0x4  startup_stm32f429_439xx.o [1]
  .text              ro code  0x08003880     0x4  startup_stm32f429_439xx.o [1]
  .text              ro code  0x08003884     0x4  startup_stm32f429_439xx.o [1]
  .text              ro code  0x08003888     0x4  startup_stm32f429_439xx.o [1]
  .text              ro code  0x0800388c     0x4  startup_stm32f429_439xx.o [1]
  .text              ro code  0x08003890     0x4  startup_stm32f429_439xx.o [1]
  .text              ro code  0x08003894     0x4  startup_stm32f429_439xx.o [1]
  .text              ro code  0x08003898     0x4  startup_stm32f429_439xx.o [1]
  .text              ro code  0x0800389c     0x4  startup_stm32f429_439xx.o [1]
  .text              ro code  0x080038a0     0x4  startup_stm32f429_439xx.o [1]
  .text              ro code  0x080038a4     0x4  startup_stm32f429_439xx.o [1]
  .text              ro code  0x080038a8     0x4  startup_stm32f429_439xx.o [1]
  .text              ro code  0x080038ac     0x4  startup_stm32f429_439xx.o [1]
  .text              ro code  0x080038b0     0x4  startup_stm32f429_439xx.o [1]
  .text              ro code  0x080038b4     0x4  startup_stm32f429_439xx.o [1]
  .text              ro code  0x080038b8     0x4  startup_stm32f429_439xx.o [1]
  .text              ro code  0x080038bc     0x4  startup_stm32f429_439xx.o [1]
  .text              ro code  0x080038c0     0x4  startup_stm32f429_439xx.o [1]
  .text              ro code  0x080038c4     0x4  startup_stm32f429_439xx.o [1]
  .text              ro code  0x080038c8     0x4  startup_stm32f429_439xx.o [1]
  .text              ro code  0x080038cc     0x4  startup_stm32f429_439xx.o [1]
  .text              ro code  0x080038d0     0x4  startup_stm32f429_439xx.o [1]
  .text              ro code  0x080038d4     0x4  startup_stm32f429_439xx.o [1]
  .text              ro code  0x080038d8     0x4  startup_stm32f429_439xx.o [1]
  .text              ro code  0x080038dc     0x4  startup_stm32f429_439xx.o [1]
  .text              ro code  0x080038e0     0x4  startup_stm32f429_439xx.o [1]
  .text              ro code  0x080038e4     0x4  startup_stm32f429_439xx.o [1]
  .text              ro code  0x080038e8     0x4  startup_stm32f429_439xx.o [1]
  .text              ro code  0x080038ec     0x4  startup_stm32f429_439xx.o [1]
  .text              ro code  0x080038f0     0x4  startup_stm32f429_439xx.o [1]
  .text              ro code  0x080038f4     0x4  startup_stm32f429_439xx.o [1]
  .text              ro code  0x080038f8     0x4  startup_stm32f429_439xx.o [1]
  .text              ro code  0x080038fc     0x4  startup_stm32f429_439xx.o [1]
  .text              ro code  0x08003900     0x4  startup_stm32f429_439xx.o [1]
  .text              ro code  0x08003904     0x4  startup_stm32f429_439xx.o [1]
  .text              ro code  0x08003908     0x4  startup_stm32f429_439xx.o [1]
  .text              ro code  0x0800390c     0x4  startup_stm32f429_439xx.o [1]
  .text              ro code  0x08003910     0x4  startup_stm32f429_439xx.o [1]
  .text              ro code  0x08003914     0x4  startup_stm32f429_439xx.o [1]
  .text              ro code  0x08003918     0x4  startup_stm32f429_439xx.o [1]
  .text              ro code  0x0800391c     0x4  startup_stm32f429_439xx.o [1]
  .text              ro code  0x08003920     0x4  startup_stm32f429_439xx.o [1]
  .text              ro code  0x08003924     0x4  startup_stm32f429_439xx.o [1]
  .text              ro code  0x08003928     0x4  startup_stm32f429_439xx.o [1]
  .text              ro code  0x0800392c     0x4  startup_stm32f429_439xx.o [1]
  .text              ro code  0x08003930     0x4  startup_stm32f429_439xx.o [1]
  .text              ro code  0x08003934     0x4  startup_stm32f429_439xx.o [1]
  .text              ro code  0x08003938     0x4  startup_stm32f429_439xx.o [1]
  .text              ro code  0x0800393c     0x4  startup_stm32f429_439xx.o [1]
  .text              ro code  0x08003940     0x4  startup_stm32f429_439xx.o [1]
  .text              ro code  0x08003944     0x4  startup_stm32f429_439xx.o [1]
  .text              ro code  0x08003948     0x4  startup_stm32f429_439xx.o [1]
  .text              ro code  0x0800394c     0x4  startup_stm32f429_439xx.o [1]
  .text              ro code  0x08003950     0x4  startup_stm32f429_439xx.o [1]
  .text              ro code  0x08003954     0x4  startup_stm32f429_439xx.o [1]
  .text              ro code  0x08003958     0x4  startup_stm32f429_439xx.o [1]
  .text              ro code  0x0800395c     0x4  startup_stm32f429_439xx.o [1]
  .text              ro code  0x08003960     0x4  startup_stm32f429_439xx.o [1]
  .text              ro code  0x08003964     0x4  startup_stm32f429_439xx.o [1]
  .text              ro code  0x08003968     0x4  startup_stm32f429_439xx.o [1]
  .text              ro code  0x0800396c     0x4  startup_stm32f429_439xx.o [1]
  .text              ro code  0x08003970     0x4  startup_stm32f429_439xx.o [1]
  .text              ro code  0x08003974     0x4  startup_stm32f429_439xx.o [1]
  .text              ro code  0x08003978     0x4  startup_stm32f429_439xx.o [1]
  .text              ro code  0x0800397c     0x4  startup_stm32f429_439xx.o [1]
  .text              ro code  0x08003980     0x4  startup_stm32f429_439xx.o [1]
  .text              ro code  0x08003984     0x4  startup_stm32f429_439xx.o [1]
  .text              ro code  0x08003988     0x4  startup_stm32f429_439xx.o [1]
  .text              ro code  0x0800398c     0x4  startup_stm32f429_439xx.o [1]
  .text              ro code  0x08003990     0x4  startup_stm32f429_439xx.o [1]
  .text              ro code  0x08003994     0x4  startup_stm32f429_439xx.o [1]
  .text              ro code  0x08003998     0x4  startup_stm32f429_439xx.o [1]
  .text              ro code  0x0800399c     0x4  startup_stm32f429_439xx.o [1]
  .text              ro code  0x080039a0     0x4  startup_stm32f429_439xx.o [1]
  .text              ro code  0x080039a4     0x4  startup_stm32f429_439xx.o [1]
  .text              ro code  0x080039a8     0x4  startup_stm32f429_439xx.o [1]
  .text              ro code  0x080039ac     0x4  startup_stm32f429_439xx.o [1]
  .text              ro code  0x080039b0     0x4  startup_stm32f429_439xx.o [1]
  .text              ro code  0x080039b4     0x4  startup_stm32f429_439xx.o [1]
  .text              ro code  0x080039b8     0x4  startup_stm32f429_439xx.o [1]
  .text              ro code  0x080039bc     0x4  startup_stm32f429_439xx.o [1]
  .text              ro code  0x080039c0     0x4  startup_stm32f429_439xx.o [1]
  .text              ro code  0x080039c4     0x4  startup_stm32f429_439xx.o [1]
  .text              ro code  0x080039c8     0x4  startup_stm32f429_439xx.o [1]
  .text              ro code  0x080039cc     0x4  startup_stm32f429_439xx.o [1]
  .text              ro code  0x080039d0     0x4  startup_stm32f429_439xx.o [1]
  .text              ro code  0x080039d4     0x4  startup_stm32f429_439xx.o [1]
  .text              ro code  0x080039d8     0x4  startup_stm32f429_439xx.o [1]
  .text              ro code  0x080039dc     0x4  startup_stm32f429_439xx.o [1]
  .rodata            const    0x080039e0     0x0  zero_init3.o [5]
  .rodata            const    0x080039e0     0x0  copy_init3.o [5]
  Initializer bytes  const    0x080039e0    0x64  <for P2 s0>
                            - 0x08003a44  0x3898

"P2":                                     0x29a8
  P2 s0                       0x20000000    0x64  <Init block>
    .data            inited   0x20000000    0x34  gui_process.o [1]
    .data            inited   0x20000034    0x1c  clog.o [1]
    .data            inited   0x20000050    0x10  stm32f4xx_rcc.o [1]
    .data            inited   0x20000060     0x1  rtt_log.o [1]
  .bss               zero     0x20000064   0x204  gui_cmd_queue.o [1]
  .bss               zero     0x20000268   0x1e0  osal_timer.o [1]
  .bss               zero     0x20000448   0x12c  gui_process.o [1]
  .bss               zero     0x20000574   0x12c  rtt_log.o [1]
  .bss               zero     0x200006a0   0x12c  SEGGER_RTT.o [1]
  .bss               zero     0x200007cc    0xf0  system_info.o [1]
  .bss               zero     0x200008bc    0x78  SEGGER_RTT.o [1]
  .bss               zero     0x20000934    0x34  SEGGER_RTT.o [1]
  .bss               zero     0x20000968    0x14  clog.o [1]
  .bss               zero     0x2000097c     0x8  osal_task.o [1]
  .bss               zero     0x20000984     0x4  gui_cmd_queue.o [1]
  .bss               zero     0x20000988     0x4  osal_clock.o [1]
  .bss               zero     0x2000098c     0x4  osal_clock.o [1]
  .bss               zero     0x20000990     0x4  osal_core.o [1]
  .bss               zero     0x20000994     0x4  osal_timer.o [1]
  .bss               zero     0x20000998     0x4  stm32f4xx_bsp_systick.o [1]
  .bss               zero     0x2000099c     0x2  gui_cmd_queue.o [1]
  .bss               zero     0x2000099e     0x2  osal_clock.o [1]
  .bss               zero     0x200009a0     0x1  gui_task.o [1]
  .bss               zero     0x200009a1     0x1  user_task.o [1]
  CSTACK                      0x200009a8  0x2000  <Block>
    CSTACK           uninit   0x200009a8  0x2000  <Block tail>
                            - 0x200029a8  0x29a8


*******************************************************************************
*** INIT TABLE
***

          Address     Size
          -------     ----
Zero (__iar_zero_init3)
    1 destination range, total size 0x93e:
          0x20000064  0x93e

Copy (__iar_copy_init3)
    1 source range, total size 0x64 (103% of destination):
          0x080039e0   0x64
    1 destination range, total size 0x61:
          0x20000000   0x61



*******************************************************************************
*** MODULE SUMMARY
***

    Module                     ro code  ro data  rw data
    ------                     -------  -------  -------
C:\Users\Administrator\Desktop\dacai\stm32f4xx\projects\IAR\Debug\Obj: [1]
    SEGGER_RTT.o                   572       20      472
    bsp_init.o                      24
    bsp_lcd.o                       82
    clog.o                          60       78       48
    gui_cmd_queue.o                268               522
    gui_dev_api.o                  318        4
    gui_process.o                1 168       76      352
    gui_task.o                     124                 1
    main.o                          28
    misc.o                         140
    osal_clock.o                   552                10
    osal_core.o                    232                 4
    osal_msg.o                       2
    osal_task.o                     26        8        8
    osal_timer.o                   464               484
    rtt_log.o                      464       33      301
    startup_stm32f429_439xx.o      804
    stm32f4xx_bsp_systick.o        152                 4
    stm32f4xx_bsp_usart.o          344
    stm32f4xx_gpio.o               260
    stm32f4xx_it.o                  46
    stm32f4xx_rcc.o                436       16       16
    stm32f4xx_usart.o              766
    system_info.o                    8               240
    system_init.o                   12
    system_param.o                 120
    system_stm32f4xx.o             380
    user_task.o                     68                 1
    ----------------------------------------------------
    Total:                       7 920      235    2 463

command line: [2]
    ----------------------------------------------------
    Total:

dl7M_tln.a: [3]
    div.o                           14
    exit.o                           4
    low_level_init.o                 4
    sprintf.o                       52
    vsnprint.o                      60
    xprintffull_nomb.o           3 502
    xsnprout.o                      26
    xsprout.o                       10
    ----------------------------------------------------
    Total:                       3 672

m7M_tls.a: [4]
    DblAdd.o                       212
    DblCmpGe.o                      46
    DblCmpLe.o                      46
    DblDiv.o                       598
    DblMul.o                       418
    DblSub.o                       384
    DblToI32.o                      88
    I32ToDbl.o                      48
    fpinit_M.o                      34
    xdnorm.o                        66
    xdscale.o                      280
    ----------------------------------------------------
    Total:                       2 220

rt7M_tl.a: [5]
    ABImemcpy_unaligned.o          118
    I64DivMod.o                    238
    I64DivZer.o                      2
    cexit.o                         10
    cmain.o                         26
    copy_init3.o                    44
    cstartup_M.o                    12
    data_init.o                     40
    memchr.o                        88
    strchr.o                        22
    strcpy_unaligned.o              68
    strlen.o                        54
    zero_init3.o                    64
    ----------------------------------------------------
    Total:                         786

shb_l.a: [6]
    exit.o                          20
    ----------------------------------------------------
    Total:                          20

    Gaps                            22        2
    Linker created                           39    8 192
--------------------------------------------------------
    Grand Total:                14 640      276   10 655


*******************************************************************************
*** ENTRY LIST
***

Entry                      Address   Size  Type      Object
-----                      -------   ----  ----      ------
.iar.init_table$$Base   0x08003724          --   Gb  - Linker created -
.iar.init_table$$Limit  0x08003748          --   Gb  - Linker created -
?main                   0x08003791         Code  Gb  cmain.o [5]
APBAHBPrescTable        0x20000050   0x10  Data  Lc  stm32f4xx_rcc.o [1]
BSP_Init                0x0800376d   0x10  Code  Gb  bsp_init.o [1]
BSP_LCD_SendStrings     0x08002495   0x16  Code  Gb  bsp_lcd.o [1]
BSP_LCD_SendUint16      0x080024ab   0x18  Code  Gb  bsp_lcd.o [1]
BSP_LCD_WriteByte       0x08002485   0x10  Code  Gb  bsp_lcd.o [1]
BSP_LCD_WriteBytes      0x08002471   0x14  Code  Gb  bsp_lcd.o [1]
BSP_SYSTICK_IncTick     0x0800359f    0xc  Code  Gb  stm32f4xx_bsp_systick.o [1]
BSP_SYSTICK_Open        0x08003583   0x1c  Code  Gb  stm32f4xx_bsp_systick.o [1]
BSP_USART_IRQHandler    0x08002821   0x38  Code  Gb  stm32f4xx_bsp_usart.o [1]
BSP_USART_Open          0x08002709   0xce  Code  Gb  stm32f4xx_bsp_usart.o [1]
BSP_USART_WriteByte     0x080027fb   0x26  Code  Gb  stm32f4xx_bsp_usart.o [1]
BSP_USART_WriteBytes    0x080027d7   0x24  Code  Gb  stm32f4xx_bsp_usart.o [1]
Board_Init              0x08003765    0x8  Code  Gb  bsp_init.o [1]
BusFault_Handler        0x08003683    0x2  Code  Gb  stm32f4xx_it.o [1]
CLog_GetCurrentTaskID   0x08003339    0x4  Code  Gb  clog.o [1]
CLog_GetTime            0x0800333d   0x20  Code  Gb  clog.o [1]
CLog_Init               0x0800335d   0x14  Code  Gb  clog.o [1]
CSTACK$$Base            0x200009a8          --   Gb  - Linker created -
CSTACK$$Limit           0x200029a8          --   Gb  - Linker created -
DebugMon_Handler        0x08003689    0x2  Code  Gb  stm32f4xx_it.o [1]
GPIO_Init               0x08002a59   0xaa  Code  Gb  stm32f4xx_gpio.o [1]
GPIO_PinAFConfig        0x08002b03   0x5a  Code  Gb  stm32f4xx_gpio.o [1]
GUI_Animation_PlayFrame
                        0x08002121   0x36  Code  Gb  gui_dev_api.o [1]
GUI_GIF_Pause           0x080020f5   0x2c  Code  Gb  gui_dev_api.o [1]
GUI_GIF_Start           0x0800209d   0x2c  Code  Gb  gui_dev_api.o [1]
GUI_GIF_Stop            0x080020c9   0x2c  Code  Gb  gui_dev_api.o [1]
GUI_GetControlValue     0x08002157   0x2c  Code  Gb  gui_dev_api.o [1]
GUI_Queue_Find_Cmd      0x08001f37   0x84  Code  Gb  gui_cmd_queue.o [1]
GUI_Queue_Push          0x08001ebd   0x2c  Code  Gb  gui_cmd_queue.o [1]
GUI_TEXT_SetText        0x08002069   0x34  Code  Gb  gui_dev_api.o [1]
GUI_Update              0x08001ce7   0x20  Code  Gb  gui_process.o [1]
GuiTask_Init            0x08001fc9   0x18  Code  Gb  gui_task.o [1]
GuiTask_Process         0x08001fe1   0x50  Code  Gb  gui_task.o [1]
GuiTask_Send_Event      0x08002031   0x10  Code  Gb  gui_task.o [1]
Gui_CheckCMD_Loop_Process
                        0x08001a4f   0x48  Code  Gb  gui_process.o [1]
HardFault_Handler       0x0800367f    0x2  Code  Gb  stm32f4xx_it.o [1]
LoadInt                 0x08000739   0x6e  Code  Lc  xprintffull_nomb.o [3]
MemManage_Handler       0x08003681    0x2  Code  Gb  stm32f4xx_it.o [1]
NMI_Handler             0x0800367d    0x2  Code  Gb  stm32f4xx_it.o [1]
NVIC_Init               0x08002e67   0x6e  Code  Gb  misc.o [1]
NVIC_PriorityGroupConfig
                        0x08002e5d    0xa  Code  Gb  misc.o [1]
NVIC_SetPriority        0x0800352d   0x26  Code  Lc  stm32f4xx_bsp_systick.o [1]
NVIC_SystemReset        0x08001a2d   0x22  Code  Lc  gui_process.o [1]
OS_Clock_ConvertToDateTime
                        0x08002589  0x16e  Code  Gb  osal_clock.o [1]
OS_Clock_GetSeconds     0x0800253f   0x12  Code  Gb  osal_clock.o [1]
OS_Clock_GetSystemClock
                        0x08002551   0x12  Code  Gb  osal_clock.o [1]
OS_Clock_Update         0x080024e1   0x5e  Code  Gb  osal_clock.o [1]
OS_Events_Set           0x08002437   0x2e  Code  Gb  osal_core.o [1]
OS_Init                 0x08002389   0x10  Code  Gb  osal_core.o [1]
OS_Msg_Init             0x080024c5    0x2  Code  Gb  osal_msg.o [1]
OS_Start                0x08002399    0x8  Code  Gb  osal_core.o [1]
OS_Task_Init            0x080024c7   0x1a  Code  Gb  osal_task.o [1]
OS_Timer_Init           0x080021b9   0x20  Code  Gb  osal_timer.o [1]
OS_Timer_Start          0x080022f1   0x28  Code  Gb  osal_timer.o [1]
OS_Timer_Update         0x08002319   0x64  Code  Gb  osal_timer.o [1]
PendSV_Handler          0x0800368b    0x2  Code  Gb  stm32f4xx_it.o [1]
RCC_AHB1PeriphClockCmd  0x080029b9   0x22  Code  Gb  stm32f4xx_rcc.o [1]
RCC_APB1PeriphResetCmd  0x080029f9   0x1e  Code  Gb  stm32f4xx_rcc.o [1]
RCC_APB2PeriphClockCmd  0x080029db   0x1e  Code  Gb  stm32f4xx_rcc.o [1]
RCC_APB2PeriphResetCmd  0x08002a17   0x1e  Code  Gb  stm32f4xx_rcc.o [1]
RCC_GetClocksFreq       0x080028a5  0x114  Code  Gb  stm32f4xx_rcc.o [1]
RTTLog_GetLogLevel      0x08003315    0x6  Code  Lc  rtt_log.o [1]
RTTLog_Init             0x08003169   0x20  Code  Gb  rtt_log.o [1]
RTTLog_SetLogLevel      0x0800331d    0x6  Code  Lc  rtt_log.o [1]
RTTLog_Write            0x08003189   0xba  Code  Lc  rtt_log.o [1]
RTTLog_WriteRAW         0x08003301   0x14  Code  Lc  rtt_log.o [1]
RTTLog_vprintf          0x08003245   0xba  Code  Lc  rtt_log.o [1]
Region$$Table$$Base     0x08003724          --   Gb  - Linker created -
Region$$Table$$Limit    0x08003748          --   Gb  - Linker created -
SEGGER_RTT_Write        0x080030d9   0x38  Code  Gb  SEGGER_RTT.o [1]
SEGGER_RTT_WriteNoLock  0x08003059   0x80  Code  Gb  SEGGER_RTT.o [1]
SVC_Handler             0x08003687    0x2  Code  Gb  stm32f4xx_it.o [1]
SetSysClock             0x08003403   0xf6  Code  Lc  system_stm32f4xx.o [1]
SysTick_Config          0x08003553   0x30  Code  Lc  stm32f4xx_bsp_systick.o [1]
SysTick_Handler         0x0800368d   0x14  Code  Gb  stm32f4xx_it.o [1]
SystemInfo_Init         0x08003789    0x8  Code  Gb  system_info.o [1]
SystemInit              0x080033b1   0x52  Code  Gb  system_stm32f4xx.o [1]
SystemParam_Init        0x080035c5   0x78  Code  Gb  system_param.o [1]
System_Load             0x0800377d    0xc  Code  Gb  system_init.o [1]
USART1_IRQHandler       0x080036a1    0xa  Code  Gb  stm32f4xx_it.o [1]
USART_Cmd               0x08002d4d   0x1c  Code  Gb  stm32f4xx_usart.o [1]
USART_DeInit            0x08002b5d   0xdc  Code  Gb  stm32f4xx_usart.o [1]
USART_GetFlagStatus     0x08002dcf   0x1e  Code  Gb  stm32f4xx_usart.o [1]
USART_GetITStatus       0x08002ded   0x6e  Code  Gb  stm32f4xx_usart.o [1]
USART_ITConfig          0x08002d79   0x56  Code  Gb  stm32f4xx_usart.o [1]
USART_Init              0x08002c39   0xee  Code  Gb  stm32f4xx_usart.o [1]
USART_ReceiveData       0x08002d71    0x8  Code  Gb  stm32f4xx_usart.o [1]
USART_SendData          0x08002d69    0x8  Code  Gb  stm32f4xx_usart.o [1]
UsageFault_Handler      0x08003685    0x2  Code  Gb  stm32f4xx_it.o [1]
UserTask_Init           0x08002861    0x6  Code  Gb  user_task.o [1]
UserTask_Process        0x08002867   0x38  Code  Gb  user_task.o [1]
_DoInit                 0x08002ee9   0x62  Code  Lc  SEGGER_RTT.o [1]
_GenldFullNoMb          0x08000caf  0x264  Code  Lc  xprintffull_nomb.o [3]
_GetAvailWriteSpace     0x0800302f   0x26  Code  Lc  SEGGER_RTT.o [1]
_LdtobFullNoMb          0x080008ad  0x3fc  Code  Lc  xprintffull_nomb.o [3]
_LitobFullNoMb          0x080007a7  0x106  Code  Lc  xprintffull_nomb.o [3]
_PrintfFullNoMb         0x080001ad  0x586  Code  Gb  xprintffull_nomb.o [3]
_PutcharsFullNoMb       0x08000f13   0x2e  Code  Lc  xprintffull_nomb.o [3]
_SEGGER_RTT             0x200008bc   0x78  Data  Gb  SEGGER_RTT.o [1]
_SNProut                0x08000f5b   0x1a  Code  Gb  xsnprout.o [3]
_SProut                 0x08000f8b    0xa  Code  Gb  xsprout.o [3]
_WriteBlocking          0x08002f4b   0x82  Code  Lc  SEGGER_RTT.o [1]
_WriteNoCheck           0x08002fcd   0x62  Code  Lc  SEGGER_RTT.o [1]
__aeabi_cdcmple         0x080011cd         Code  Gb  DblCmpLe.o [4]
__aeabi_cdrcmple        0x080011fd         Code  Gb  DblCmpGe.o [4]
__aeabi_d2iz            0x08001345         Code  Gb  DblToI32.o [4]
__aeabi_d2uiz           0x08001371         Code  Gb  DblToI32.o [4]
__aeabi_ddiv            0x080016f1         Code  Gb  DblDiv.o [4]
__aeabi_dmul            0x0800154d         Code  Gb  DblMul.o [4]
__aeabi_dsub            0x080013cd         Code  Gb  DblSub.o [4]
__aeabi_i2d             0x0800139d         Code  Gb  I32ToDbl.o [4]
__aeabi_ldiv0           0x08001955         Code  Gb  I64DivZer.o [5]
__aeabi_ui2d            0x080013b1         Code  Gb  I32ToDbl.o [4]
__aeabi_uldivmod        0x08001025         Code  Gb  I64DivMod.o [5]
__cmain                 0x08003791         Code  Gb  cmain.o [5]
__exit                  0x080037c1   0x14  Code  Gb  exit.o [6]
__iar_Dnorm             0x0800118b   0x42  Code  Gb  xdnorm.o [4]
__iar_Dscale            0x0800122d  0x118  Code  Gb  xdscale.o [4]
__iar_Memchr            0x08000fcd         Code  Gb  memchr.o [5]
__iar_Strchr            0x08000f75         Code  Gb  strchr.o [5]
__iar_copy_init3        0x080036ab   0x2c  Code  Gb  copy_init3.o [5]
__iar_d2uiz             0x0800137d         Code  Gb  DblToI32.o [4]
__iar_dadd              0x08001959         Code  Gb  DblAdd.o [4]
__iar_data_init3        0x080036d9   0x28  Code  Gb  data_init.o [5]
__iar_dsub              0x080013e1         Code  Gb  DblSub.o [4]
__iar_dsubStart         0x080013f3         Code  Gb  DblSub.o [4]
__iar_init_vfp          0x08003701         Code  Gb  fpinit_M.o [4]
__iar_program_start     0x08003809         Code  Gb  cstartup_M.o [5]
__iar_ui2d              0x080013b5         Code  Gb  I32ToDbl.o [4]
__iar_unaligned___aeabi_memcpy
                        0x08001115         Code  Gb  ABImemcpy_unaligned.o [5]
__iar_unaligned___aeabi_memcpy4
                        0x08001135         Code  Gb  ABImemcpy_unaligned.o [5]
__iar_unaligned___aeabi_memcpy8
                        0x08001135         Code  Gb  ABImemcpy_unaligned.o [5]
__iar_unaligned_strcpy  0x08003125         Code  Gb  strcpy_unaligned.o [5]
__iar_zero_init3        0x0800363d   0x40  Code  Gb  zero_init3.o [5]
__low_level_init        0x080037ab    0x4  Code  Gb  low_level_init.o [3]
__vector_table          0x08000000         Data  Gb  startup_stm32f429_439xx.o [1]
_acDownBuffer           0x20000934   0x34  Data  Lc  SEGGER_RTT.o [1]
_acUpBuffer             0x200006a0  0x12c  Data  Lc  SEGGER_RTT.o [1]
_call_main              0x0800379d         Code  Gb  cmain.o [5]
_exit                   0x080037b5         Code  Gb  cexit.o [5]
_main                   0x080037a7         Code  Gb  cmain.o [5]
cmd_buffer              0x20000448  0x12c  Data  Gb  gui_process.o [1]
div                     0x08001947    0xe  Code  Gb  div.o [3]
exit                    0x080037af    0x4  Code  Gb  exit.o [3]
g_GuiTask_Id            0x200009a0    0x1  Data  Gb  gui_task.o [1]
g_LogLevelText          0x20000034   0x1c  Data  Gb  clog.o [1]
g_SystemInfo            0x200007cc   0xf0  Data  Gb  system_info.o [1]
g_TasksEvents           0x2000097c    0x8  Data  Gb  osal_task.o [1]
g_TasksFnArr            0x0800385c    0x8  Data  Gb  osal_task.o [1]
g_UserTask_Id           0x200009a1    0x1  Data  Gb  user_task.o [1]
gui_Message_Process     0x08001a97  0x1d4  Code  Lc  gui_process.o [1]
gui_SendEndCMD          0x0800204f   0x14  Code  Lc  gui_dev_api.o [1]
gui_SendHeadCMD         0x08002045    0xa  Code  Lc  gui_dev_api.o [1]
gui_notify_button       0x08001c7f   0x1a  Code  Lc  gui_process.o [1]
gui_notify_getdata      0x08001cc9   0x1e  Code  Lc  gui_process.o [1]
gui_notify_handshake    0x08001c6b    0x2  Code  Lc  gui_process.o [1]
gui_notify_menu         0x08001ca1   0x1e  Code  Lc  gui_process.o [1]
gui_notify_meter        0x08001c9f    0x2  Code  Lc  gui_process.o [1]
gui_notify_progress     0x08001c9b    0x2  Code  Lc  gui_process.o [1]
gui_notify_readflash    0x08001cc3    0x2  Code  Lc  gui_process.o [1]
gui_notify_readrtc      0x08001cc7    0x2  Code  Lc  gui_process.o [1]
gui_notify_screen       0x08001c6d   0x10  Code  Lc  gui_process.o [1]
gui_notify_selector     0x08001cbf    0x2  Code  Lc  gui_process.o [1]
gui_notify_slider       0x08001c9d    0x2  Code  Lc  gui_process.o [1]
gui_notify_text         0x08001c99    0x2  Code  Lc  gui_process.o [1]
gui_notify_timer        0x08001cc1    0x2  Code  Lc  gui_process.o [1]
gui_notify_touchxy      0x08001c7d    0x2  Code  Lc  gui_process.o [1]
gui_notify_writeflash   0x08001cc5    0x2  Code  Lc  gui_process.o [1]
gui_queue               0x20000064  0x204  Data  Lc  gui_cmd_queue.o [1]
gui_queue_get_size      0x08001f19   0x1e  Code  Lc  gui_cmd_queue.o [1]
gui_queue_pop           0x08001ee9   0x30  Code  Lc  gui_cmd_queue.o [1]
main                    0x08003749   0x1c  Code  Gb  main.o [1]
memchr                  0x08000fcd         Code  Gb  memchr.o [5]
month_length            0x08002563   0x26  Code  Lc  osal_clock.o [1]
osalRun                 0x080023bb   0x7c  Code  Lc  osal_core.o [1]
osalTimeUpdate          0x080023a1   0x1a  Code  Lc  osal_core.o [1]
osalTimerAdd            0x08002271   0x80  Code  Gb  osal_timer.o [1]
osalTimerAlloc          0x080021d9   0x64  Code  Gb  osal_timer.o [1]
osalTimerFind           0x0800223d   0x34  Code  Gb  osal_timer.o [1]
s_CBvalue               0x20000000   0x34  Data  Gb  gui_process.o [1]
s_LogLevel              0x20000060    0x1  Data  Lc  rtt_log.o [1]
s_RTTLog                0x20000968   0x14  Data  Gb  clog.o [1]
s_RTTLogBuf             0x20000574  0x12c  Data  Lc  rtt_log.o [1]
s_Systick_Ticks         0x20000998    0x4  Data  Gb  stm32f4xx_bsp_systick.o [1]
s_cmd_pos               0x2000099c    0x2  Data  Lc  gui_cmd_queue.o [1]
s_cmd_state             0x20000984    0x4  Data  Lc  gui_cmd_queue.o [1]
s_osalClock_ElapsedMs   0x2000098c    0x4  Data  Lc  osal_clock.o [1]
s_osalClock_MilliSeconds
                        0x2000099e    0x2  Data  Lc  osal_clock.o [1]
s_osalClock_Seconds     0x20000988    0x4  Data  Lc  osal_clock.o [1]
s_osalTimerHead         0x20000994    0x4  Data  Lc  osal_timer.o [1]
s_osalTimerMemHeap      0x20000268  0x1e0  Data  Lc  osal_timer.o [1]
sprintf                 0x08002185   0x34  Code  Gb  sprintf.o [3]
strchr                  0x08000f75         Code  Gb  strchr.o [5]
strlen                  0x08000f95         Code  Gb  strlen.o [5]
text_screen_update_event
                        0x08001d07  0x18e  Code  Lc  gui_process.o [1]
vsnprintf               0x08003375   0x3c  Code  Gb  vsnprint.o [3]


[1] = C:\Users\Administrator\Desktop\dacai\stm32f4xx\projects\IAR\Debug\Obj
[2] = command line
[3] = dl7M_tln.a
[4] = m7M_tls.a
[5] = rt7M_tl.a
[6] = shb_l.a

  14 640 bytes of readonly  code memory
     276 bytes of readonly  data memory
  10 655 bytes of readwrite data memory

Errors: none
Warnings: none
